bus_comm.c:117:10:bus_cmd_ping_handler	0	static
bus_comm.c:164:10:bus_cmd_pa_conf_read_handler	0	static
bus_comm.c:216:10:rt_bus_cmd_enter_bootloader	0	static
bus_comm.c:234:10:rt_bus_cmd_reset	0	static,ignoring_inline_asm
bus_comm.c:253:10:rt_bus_cmd_bl_stay	0	static
bus_comm.c:108:10:bus_cmd_pa_read_handler	8	static
bus_comm.c:58:10:bus_cmd_both_read_handler	24	static
bus_comm.c:84:10:bus_cmd_tc_read_handler	24	static
bus_comm.c:124:10:bus_cmd_tc_conf_read_handler	16	static
bus_comm.c:138:10:bus_cmd_tc_conf_write_handler	24	static
bus_comm.c:182:10:bus_cmd_pa_conf_write_handler	8	static
bus_comm.c:270:10:rt_bus_cmd_bl_write_handler	0	static
bus_comm.c:278:10:rt_bus_cmd_bl_erase_handler	0	static
bus_comm.c:201:10:bus_cmd_read_info_handler	0	static
bus_comm.c:264:10:rt_bus_cmd_bl_read_handler	0	static
bus_comm.c:352:16:crc16	20	static
bus_comm.c:368:6:bus_frame_pack	8	static
bus_comm.c:412:6:bus_process	40	static
bus_comm.c:472:6:bus_comm_process	8	static
