Archive member included to satisfy reference by file (symbol)

c:/st/stm32cubeide_1.3.0/stm32cubeide/plugins/com.st.stm32cube.ide.mcu.externaltools.gnu-tools-for-stm32.7-2018-q2-update.win32_1.5.0.202011040924/tools/bin/../lib/gcc/arm-none-eabi/7.3.1/../../../../arm-none-eabi/lib/thumb/v6-m\libc_nano.a(lib_a-errno.o)
                              Core/Src/syscalls.o (__errno)
c:/st/stm32cubeide_1.3.0/stm32cubeide/plugins/com.st.stm32cube.ide.mcu.externaltools.gnu-tools-for-stm32.7-2018-q2-update.win32_1.5.0.202011040924/tools/bin/../lib/gcc/arm-none-eabi/7.3.1/../../../../arm-none-eabi/lib/thumb/v6-m\libc_nano.a(lib_a-exit.o)
                              c:/st/stm32cubeide_1.3.0/stm32cubeide/plugins/com.st.stm32cube.ide.mcu.externaltools.gnu-tools-for-stm32.7-2018-q2-update.win32_1.5.0.202011040924/tools/bin/../lib/gcc/arm-none-eabi/7.3.1/../../../../arm-none-eabi/lib/thumb/v6-m/crt0.o (exit)
c:/st/stm32cubeide_1.3.0/stm32cubeide/plugins/com.st.stm32cube.ide.mcu.externaltools.gnu-tools-for-stm32.7-2018-q2-update.win32_1.5.0.202011040924/tools/bin/../lib/gcc/arm-none-eabi/7.3.1/../../../../arm-none-eabi/lib/thumb/v6-m\libc_nano.a(lib_a-impure.o)
                              c:/st/stm32cubeide_1.3.0/stm32cubeide/plugins/com.st.stm32cube.ide.mcu.externaltools.gnu-tools-for-stm32.7-2018-q2-update.win32_1.5.0.202011040924/tools/bin/../lib/gcc/arm-none-eabi/7.3.1/../../../../arm-none-eabi/lib/thumb/v6-m\libc_nano.a(lib_a-exit.o) (_global_impure_ptr)
c:/st/stm32cubeide_1.3.0/stm32cubeide/plugins/com.st.stm32cube.ide.mcu.externaltools.gnu-tools-for-stm32.7-2018-q2-update.win32_1.5.0.202011040924/tools/bin/../lib/gcc/arm-none-eabi/7.3.1/../../../../arm-none-eabi/lib/thumb/v6-m\libc_nano.a(lib_a-init.o)
                              c:/st/stm32cubeide_1.3.0/stm32cubeide/plugins/com.st.stm32cube.ide.mcu.externaltools.gnu-tools-for-stm32.7-2018-q2-update.win32_1.5.0.202011040924/tools/bin/../lib/gcc/arm-none-eabi/7.3.1/../../../../arm-none-eabi/lib/thumb/v6-m/crt0.o (__libc_init_array)
c:/st/stm32cubeide_1.3.0/stm32cubeide/plugins/com.st.stm32cube.ide.mcu.externaltools.gnu-tools-for-stm32.7-2018-q2-update.win32_1.5.0.202011040924/tools/bin/../lib/gcc/arm-none-eabi/7.3.1/../../../../arm-none-eabi/lib/thumb/v6-m\libc_nano.a(lib_a-memcmp.o)
                              Core/Src/bus_comm.o (memcmp)
c:/st/stm32cubeide_1.3.0/stm32cubeide/plugins/com.st.stm32cube.ide.mcu.externaltools.gnu-tools-for-stm32.7-2018-q2-update.win32_1.5.0.202011040924/tools/bin/../lib/gcc/arm-none-eabi/7.3.1/../../../../arm-none-eabi/lib/thumb/v6-m\libc_nano.a(lib_a-memcpy-stub.o)
                              Core/Src/MAX31856.o (memcpy)
c:/st/stm32cubeide_1.3.0/stm32cubeide/plugins/com.st.stm32cube.ide.mcu.externaltools.gnu-tools-for-stm32.7-2018-q2-update.win32_1.5.0.202011040924/tools/bin/../lib/gcc/arm-none-eabi/7.3.1/../../../../arm-none-eabi/lib/thumb/v6-m\libc_nano.a(lib_a-memset.o)
                              c:/st/stm32cubeide_1.3.0/stm32cubeide/plugins/com.st.stm32cube.ide.mcu.externaltools.gnu-tools-for-stm32.7-2018-q2-update.win32_1.5.0.202011040924/tools/bin/../lib/gcc/arm-none-eabi/7.3.1/../../../../arm-none-eabi/lib/thumb/v6-m/crt0.o (memset)
c:/st/stm32cubeide_1.3.0/stm32cubeide/plugins/com.st.stm32cube.ide.mcu.externaltools.gnu-tools-for-stm32.7-2018-q2-update.win32_1.5.0.202011040924/tools/bin/../lib/gcc/arm-none-eabi/7.3.1/../../../../arm-none-eabi/lib/thumb/v6-m\libc_nano.a(lib_a-printf.o)
                              Core/Src/MAX31856.o (printf)
c:/st/stm32cubeide_1.3.0/stm32cubeide/plugins/com.st.stm32cube.ide.mcu.externaltools.gnu-tools-for-stm32.7-2018-q2-update.win32_1.5.0.202011040924/tools/bin/../lib/gcc/arm-none-eabi/7.3.1/../../../../arm-none-eabi/lib/thumb/v6-m\libc_nano.a(lib_a-puts.o)
                              Core/Src/MAX31856.o (puts)
c:/st/stm32cubeide_1.3.0/stm32cubeide/plugins/com.st.stm32cube.ide.mcu.externaltools.gnu-tools-for-stm32.7-2018-q2-update.win32_1.5.0.202011040924/tools/bin/../lib/gcc/arm-none-eabi/7.3.1/../../../../arm-none-eabi/lib/thumb/v6-m\libc_nano.a(lib_a-sprintf.o)
                              Core/Src/bus_comm.o (sprintf)
c:/st/stm32cubeide_1.3.0/stm32cubeide/plugins/com.st.stm32cube.ide.mcu.externaltools.gnu-tools-for-stm32.7-2018-q2-update.win32_1.5.0.202011040924/tools/bin/../lib/gcc/arm-none-eabi/7.3.1/../../../../arm-none-eabi/lib/thumb/v6-m\libc_nano.a(lib_a-wbuf.o)
                              c:/st/stm32cubeide_1.3.0/stm32cubeide/plugins/com.st.stm32cube.ide.mcu.externaltools.gnu-tools-for-stm32.7-2018-q2-update.win32_1.5.0.202011040924/tools/bin/../lib/gcc/arm-none-eabi/7.3.1/../../../../arm-none-eabi/lib/thumb/v6-m\libc_nano.a(lib_a-puts.o) (__swbuf_r)
c:/st/stm32cubeide_1.3.0/stm32cubeide/plugins/com.st.stm32cube.ide.mcu.externaltools.gnu-tools-for-stm32.7-2018-q2-update.win32_1.5.0.202011040924/tools/bin/../lib/gcc/arm-none-eabi/7.3.1/../../../../arm-none-eabi/lib/thumb/v6-m\libc_nano.a(lib_a-wsetup.o)
[...]
Memory Configuration

Name             Origin             Length             Attributes
RAM              0x0000000020000000 0x0000000000005000 xrw
FLASH            0x0000000008005000 0x000000000002a000 xr
FCONF            0x000000000802f000 0x0000000000001000 r
*default*        0x0000000000000000 0xffffffffffffffff

Linker script and memory map

LOAD c:/st/stm32cubeide_1.3.0/stm32cubeide/plugins/com.st.stm32cube.ide.mcu.externaltools.gnu-tools-for-stm32.7-2018-q2-update.win32_1.5.0.202011040924/tools/bin/../lib/gcc/arm-none-eabi/7.3.1/thumb/v6-m/crti.o
LOAD c:/st/stm32cubeide_1.3.0/stm32cubeide/plugins/com.st.stm32cube.ide.mcu.externaltools.gnu-tools-for-stm32.7-2018-q2-update.win32_1.5.0.202011040924/tools/bin/../lib/gcc/arm-none-eabi/7.3.1/thumb/v6-m/crtbegin.o
LOAD c:/st/stm32cubeide_1.3.0/stm32cubeide/plugins/com.st.stm32cube.ide.mcu.externaltools.gnu-tools-for-stm32.7-2018-q2-update.win32_1.5.0.202011040924/tools/bin/../lib/gcc/arm-none-eabi/7.3.1/../../../../arm-none-eabi/lib/thumb/v6-m/crt0.o
LOAD Core/Src/MAX31856.o
LOAD Core/Src/bl_interface.o
LOAD Core/Src/bus_comm.o
LOAD Core/Src/conf.o
LOAD Core/Src/conf_board.o
LOAD Core/Src/debug.o
LOAD Core/Src/ext_cj.o
LOAD Core/Src/flash_if.o
LOAD Core/Src/main.o
LOAD Core/Src/stm32l0xx_hal_msp.o
LOAD Core/Src/stm32l0xx_it.o
LOAD Core/Src/stpm3x.o
LOAD Core/Src/syscalls.o
LOAD Core/Src/sysmem.o
LOAD Core/Src/system_stm32l0xx.o
LOAD Core/Startup/startup_stm32l073rztx.o
LOAD Drivers/STM32L0xx_HAL_Driver/Src/stm32l0xx_hal.o
LOAD Drivers/STM32L0xx_HAL_Driver/Src/stm32l0xx_hal_cortex.o
LOAD Drivers/STM32L0xx_HAL_Driver/Src/stm32l0xx_hal_dma.o
LOAD Drivers/STM32L0xx_HAL_Driver/Src/stm32l0xx_hal_exti.o
LOAD Drivers/STM32L0xx_HAL_Driver/Src/stm32l0xx_hal_flash.o
LOAD Drivers/STM32L0xx_HAL_Driver/Src/stm32l0xx_hal_flash_ex.o
LOAD Drivers/STM32L0xx_HAL_Driver/Src/stm32l0xx_hal_flash_ramfunc.o
LOAD Drivers/STM32L0xx_HAL_Driver/Src/stm32l0xx_hal_gpio.o
LOAD Drivers/STM32L0xx_HAL_Driver/Src/stm32l0xx_hal_i2c.o
LOAD Drivers/STM32L0xx_HAL_Driver/Src/stm32l0xx_hal_i2c_ex.o
LOAD Drivers/STM32L0xx_HAL_Driver/Src/stm32l0xx_hal_pwr.o
LOAD Drivers/STM32L0xx_HAL_Driver/Src/stm32l0xx_hal_pwr_ex.o
LOAD Drivers/STM32L0xx_HAL_Driver/Src/stm32l0xx_hal_rcc.o
LOAD Drivers/STM32L0xx_HAL_Driver/Src/stm32l0xx_hal_rcc_ex.o
LOAD Drivers/STM32L0xx_HAL_Driver/Src/stm32l0xx_hal_spi.o
LOAD Drivers/STM32L0xx_HAL_Driver/Src/stm32l0xx_hal_tim.o
LOAD Drivers/STM32L0xx_HAL_Driver/Src/stm32l0xx_hal_tim_ex.o
LOAD Drivers/STM32L0xx_HAL_Driver/Src/stm32l0xx_hal_uart.o
LOAD Drivers/STM32L0xx_HAL_Driver/Src/stm32l0xx_hal_uart_ex.o
START GROUP
LOAD c:/st/stm32cubeide_1.3.0/stm32cubeide/plugins/com.st.stm32cube.ide.mcu.externaltools.gnu-tools-for-stm32.7-2018-q2-update.win32_1.5.0.202011040924/tools/bin/../lib/gcc/arm-none-eabi/7.3.1/../../../../arm-none-eabi/lib/thumb/v6-m\libc_nano.a
LOAD c:/st/stm32cubeide_1.3.0/stm32cubeide/plugins/com.st.stm32cube.ide.mcu.externaltools.gnu-tools-for-stm32.7-2018-q2-update.win32_1.5.0.202011040924/tools/bin/../lib/gcc/arm-none-eabi/7.3.1/../../../../arm-none-eabi/lib/thumb/v6-m\libm.a
END GROUP
START GROUP
LOAD c:/st/stm32cubeide_1.3.0/stm32cubeide/plugins/com.st.stm32cube.ide.mcu.externaltools.gnu-tools-for-stm32.7-2018-q2-update.win32_1.5.0.202011040924/tools/bin/../lib/gcc/arm-none-eabi/7.3.1/thumb/v6-m\libgcc.a
LOAD c:/st/stm32cubeide_1.3.0/stm32cubeide/plugins/com.st.stm32cube.ide.mcu.externaltools.gnu-tools-for-stm32.7-2018-q2-update.win32_1.5.0.202011040924/tools/bin/../lib/gcc/arm-none-eabi/7.3.1/../../../../arm-none-eabi/lib/thumb/v6-m\libc_nano.a
END GROUP
START GROUP
LOAD c:/st/stm32cubeide_1.3.0/stm32cubeide/plugins/com.st.stm32cube.ide.mcu.externaltools.gnu-tools-for-stm32.7-2018-q2-update.win32_1.5.0.202011040924/tools/bin/../lib/gcc/arm-none-eabi/7.3.1/thumb/v6-m\libgcc.a
LOAD c:/st/stm32cubeide_1.3.0/stm32cubeide/plugins/com.st.stm32cube.ide.mcu.externaltools.gnu-tools-for-stm32.7-2018-q2-update.win32_1.5.0.202011040924/tools/bin/../lib/gcc/arm-none-eabi/7.3.1/../../../../arm-none-eabi/lib/thumb/v6-m\libc_nano.a
LOAD c:/st/stm32cubeide_1.3.0/stm32cubeide/plugins/com.st.stm32cube.ide.mcu.externaltools.gnu-tools-for-stm32.7-2018-q2-update.win32_1.5.0.202011040924/tools/bin/../lib/gcc/arm-none-eabi/7.3.1/../../../../arm-none-eabi/lib/thumb/v6-m\libnosys.a
END GROUP
START GROUP
LOAD c:/st/stm32cubeide_1.3.0/stm32cubeide/plugins/com.st.stm32cube.ide.mcu.externaltools.gnu-tools-for-stm32.7-2018-q2-update.win32_1.5.0.202011040924/tools/bin/../lib/gcc/arm-none-eabi/7.3.1/thumb/v6-m\libgcc.a
LOAD c:/st/stm32cubeide_1.3.0/stm32cubeide/plugins/com.st.stm32cube.ide.mcu.externaltools.gnu-tools-for-stm32.7-2018-q2-update.win32_1.5.0.202011040924/tools/bin/../lib/gcc/arm-none-eabi/7.3.1/../../../../arm-none-eabi/lib/thumb/v6-m\libc_nano.a
LOAD c:/st/stm32cubeide_1.3.0/stm32cubeide/plugins/com.st.stm32cube.ide.mcu.externaltools.gnu-tools-for-stm32.7-2018-q2-update.win32_1.5.0.202011040924/tools/bin/../lib/gcc/arm-none-eabi/7.3.1/../../../../arm-none-eabi/lib/thumb/v6-m\libnosys.a
END GROUP
LOAD c:/st/stm32cubeide_1.3.0/stm32cubeide/plugins/com.st.stm32cube.ide.mcu.externaltools.gnu-tools-for-stm32.7-2018-q2-update.win32_1.5.0.202011040924/tools/bin/../lib/gcc/arm-none-eabi/7.3.1/thumb/v6-m/crtend.o
LOAD c:/st/stm32cubeide_1.3.0/stm32cubeide/plugins/com.st.stm32cube.ide.mcu.externaltools.gnu-tools-for-stm32.7-2018-q2-update.win32_1.5.0.202011040924/tools/bin/../lib/gcc/arm-none-eabi/7.3.1/thumb/v6-m/crtn.o
                0x0000000020005000                _estack = (ORIGIN (RAM) + LENGTH (RAM))
                0x0000000000000200                _Min_Heap_Size = 0x200
                0x0000000000000400                _Min_Stack_Size = 0x400

.isr_vector     0x0000000008005000       0xc0
                0x0000000008005000                . = ALIGN (0x4)
                0x0000000008005000                __APPLICATION_ISR_START = .
 *(.isr_vector)
 .isr_vector    0x0000000008005000       0xc0 Core/Startup/startup_stm32l073rztx.o
                0x0000000008005000                g_pfnVectors
                0x00000000080050c0                __APPLICATION_ISR_END = .
                0x00000000080050c0                . = ALIGN (0x4)

.app_info       0x00000000080050c0        0x8
                0x00000000080050c0                . = ALIGN (0x4)
 *(.app_info)
 .app_info      0x00000000080050c0        0x8 Core/Src/main.o
                0x00000000080050c0                appinfo
                0x00000000080050c8                . = ALIGN (0x4)

.text           0x00000000080050c8     0x76c8
                0x00000000080050c8                . = ALIGN (0x4)
 *(.text)
 .text          0x00000000080050c8       0x48 c:/st/stm32cubeide_1.3.0/stm32cubeide/plugins/com.st.stm32cube.ide.mcu.externaltools.gnu-tools-for-stm32.7-2018-q2-update.win32_1.5.0.202011040924/tools/bin/../lib/gcc/arm-none-eabi/7.3.1/thumb/v6-m/crtbegin.o
 .text          0x0000000008005110       0x14 c:/st/stm32cubeide_1.3.0/stm32cubeide/plugins/com.st.stm32cube.ide.mcu.externaltools.gnu-tools-for-stm32.7-2018-q2-update.win32_1.5.0.202011040924/tools/bin/../lib/gcc/arm-none-eabi/7.3.1/thumb/v6-m\libgcc.a(_thumb1_case_sqi.o)
                0x0000000008005110                __gnu_thumb1_case_sqi
 .text          0x0000000008005124       0x14 c:/st/stm32cubeide_1.3.0/stm32cubeide/plugins/com.st.stm32cube.ide.mcu.externaltools.gnu-tools-for-stm32.7-2018-q2-update.win32_1.5.0.202011040924/tools/bin/../lib/gcc/arm-none-eabi/7.3.1/thumb/v6-m\libgcc.a(_thumb1_case_uqi.o)
                0x0000000008005124                __gnu_thumb1_case_uqi
 .text          0x0000000008005138      0x114 c:/st/stm32cubeide_1.3.0/stm32cubeide/plugins/com.st.stm32cube.ide.mcu.externaltools.gnu-tools-for-stm32.7-2018-q2-update.win32_1.5.0.202011040924/tools/bin/../lib/gcc/arm-none-eabi/7.3.1/thumb/v6-m\libgcc.a(_udivsi3.o)
                0x0000000008005138                __aeabi_uidiv
                0x0000000008005138                __udivsi3
                0x0000000008005244                __aeabi_uidivmod
 .text          0x000000000800524c        0x4 c:/st/stm32cubeide_1.3.0/stm32cubeide/plugins/com.st.stm32cube.ide.mcu.externaltools.gnu-tools-for-stm32.7-2018-q2-update.win32_1.5.0.202011040924/tools/bin/../lib/gcc/arm-none-eabi/7.3.1/thumb/v6-m\libgcc.a(_dvmd_tls.o)
                0x000000000800524c                __aeabi_idiv0
                0x000000000800524c                __aeabi_ldiv0
 .text          0x0000000008005250       0x7c c:/st/stm32cubeide_1.3.0/stm32cubeide/plugins/com.st.stm32cube.ide.mcu.externaltools.gnu-tools-for-stm32.7-2018-q2-update.win32_1.5.0.202011040924/tools/bin/../lib/gcc/arm-none-eabi/7.3.1/thumb/v6-m\libgcc.a(_arm_cmpdf2.o)
                0x0000000008005250                __aeabi_cdrcmple
                0x0000000008005260                __aeabi_cdcmple
                0x0000000008005260                __aeabi_cdcmpeq
                0x0000000008005270                __aeabi_dcmpeq
                0x000000000800527c                __aeabi_dcmplt
                0x0000000008005290                __aeabi_dcmple
                0x00000000080052a4                __aeabi_dcmpgt
                0x00000000080052b8                __aeabi_dcmpge
 .text          0x00000000080052cc       0x40 c:/st/stm32cubeide_1.3.0/stm32cubeide/plugins/com.st.stm32cube.ide.mcu.externaltools.gnu-tools-for-stm32.7-2018-q2-update.win32_1.5.0.202011040924/tools/bin/../lib/gcc/arm-none-eabi/7.3.1/thumb/v6-m\libgcc.a(_aeabi_uldivmod.o)
                0x00000000080052cc                __aeabi_uldivmod
 .text          0x000000000800530c       0x54 c:/st/stm32cubeide_1.3.0/stm32cubeide/plugins/com.st.stm32cube.ide.mcu.externaltools.gnu-tools-for-stm32.7-2018-q2-update.win32_1.5.0.202011040924/tools/bin/../lib/gcc/arm-none-eabi/7.3.1/thumb/v6-m\libgcc.a(_muldi3.o)
                0x000000000800530c                __muldi3
                0x000000000800530c                __aeabi_lmul
 .text          0x0000000008005360       0x3c c:/st/stm32cubeide_1.3.0/stm32cubeide/plugins/com.st.stm32cube.ide.mcu.externaltools.gnu-tools-for-stm32.7-2018-q2-update.win32_1.5.0.202011040924/tools/bin/../lib/gcc/arm-none-eabi/7.3.1/thumb/v6-m\libgcc.a(_fixunsdfsi.o)
                0x0000000008005360                __aeabi_d2uiz
                0x0000000008005360                __fixunsdfsi
 .text          0x000000000800539c      0x184 c:/st/stm32cubeide_1.3.0/stm32cubeide/plugins/com.st.stm32cube.ide.mcu.externaltools.gnu-tools-for-stm32.7-2018-q2-update.win32_1.5.0.202011040924/tools/bin/../lib/gcc/arm-none-eabi/7.3.1/thumb/v6-m\libgcc.a(_udivmoddi4.o)
                0x000000000800539c                __udivmoddi4
 .text          0x0000000008005520      0x224 c:/st/stm32cubeide_1.3.0/stm32cubeide/plugins/com.st.stm32cube.ide.mcu.externaltools.gnu-tools-for-stm32.7-2018-q2-update.win32_1.5.0.202011040924/tools/bin/../lib/gcc/arm-none-eabi/7.3.1/thumb/v6-m\libgcc.a(divsf3.o)
                0x0000000008005520                __aeabi_fdiv
 .text          0x0000000008005744      0x264 c:/st/stm32cubeide_1.3.0/stm32cubeide/plugins/com.st.stm32cube.ide.mcu.externaltools.gnu-tools-for-stm32.7-2018-q2-update.win32_1.5.0.202011040924/tools/bin/../lib/gcc/arm-none-eabi/7.3.1/thumb/v6-m\libgcc.a(mulsf3.o)
                0x0000000008005744                __aeabi_fmul
 .text          0x00000000080059a8      0x388 c:/st/stm32cubeide_1.3.0/stm32cubeide/plugins/com.st.stm32cube.ide.mcu.externaltools.gnu-tools-for-stm32.7-2018-q2-update.win32_1.5.0.202011040924/tools/bin/../lib/gcc/arm-none-eabi/7.3.1/thumb/v6-m\libgcc.a(subsf3.o)
                0x00000000080059a8                __aeabi_fsub
 .text          0x0000000008005d30       0x94 c:/st/stm32cubeide_1.3.0/stm32cubeide/plugins/com.st.stm32cube.ide.mcu.externaltools.gnu-tools-for-stm32.7-2018-q2-update.win32_1.5.0.202011040924/tools/bin/../lib/gcc/arm-none-eabi/7.3.1/thumb/v6-m\libgcc.a(floatsisf.o)
                0x0000000008005d30                __aeabi_i2f
 .text          0x0000000008005dc4       0x80 c:/st/stm32cubeide_1.3.0/stm32cubeide/plugins/com.st.stm32cube.ide.mcu.externaltools.gnu-tools-for-stm32.7-2018-q2-update.win32_1.5.0.202011040924/tools/bin/../lib/gcc/arm-none-eabi/7.3.1/thumb/v6-m\libgcc.a(floatunsisf.o)
                0x0000000008005dc4                __aeabi_ui2f
 .text          0x0000000008005e44      0x638 c:/st/stm32cubeide_1.3.0/stm32cubeide/plugins/com.st.stm32cube.ide.mcu.externaltools.gnu-tools-for-stm32.7-2018-q2-update.win32_1.5.0.202011040924/tools/bin/../lib/gcc/arm-none-eabi/7.3.1/thumb/v6-m\libgcc.a(adddf3.o)
                0x0000000008005e44                __aeabi_dadd
 .text          0x000000000800647c       0x78 c:/st/stm32cubeide_1.3.0/stm32cubeide/plugins/com.st.stm32cube.ide.mcu.externaltools.gnu-tools-for-stm32.7-2018-q2-update.win32_1.5.0.202011040924/tools/bin/../lib/gcc/arm-none-eabi/7.3.1/thumb/v6-m\libgcc.a(eqdf2.o)
                0x000000000800647c                __nedf2
                0x000000000800647c                __eqdf2
 .text          0x00000000080064f4       0xc8 c:/st/stm32cubeide_1.3.0/stm32cubeide/plugins/com.st.stm32cube.ide.mcu.externaltools.gnu-tools-for-stm32.7-2018-q2-update.win32_1.5.0.202011040924/tools/bin/../lib/gcc/arm-none-eabi/7.3.1/thumb/v6-m\libgcc.a(gedf2.o)
                0x00000000080064f4                __gedf2
                0x00000000080064f4                __gtdf2
 .text          0x00000000080065bc       0xd0 c:/st/stm32cubeide_1.3.0/stm32cubeide/plugins/com.st.stm32cube.ide.mcu.externaltools.gnu-tools-for-stm32.7-2018-q2-update.win32_1.5.0.202011040924/tools/bin/../lib/gcc/arm-none-eabi/7.3.1/thumb/v6-m\libgcc.a(ledf2.o)
                0x00000000080065bc                __ledf2
                0x00000000080065bc                __ltdf2
 .text          0x000000000800668c      0x4e4 c:/st/stm32cubeide_1.3.0/stm32cubeide/plugins/com.st.stm32cube.ide.mcu.externaltools.gnu-tools-for-stm32.7-2018-q2-update.win32_1.5.0.202011040924/tools/bin/../lib/gcc/arm-none-eabi/7.3.1/thumb/v6-m\libgcc.a(muldf3.o)
                0x000000000800668c                __aeabi_dmul
 .text          0x0000000008006b70      0x690 c:/st/stm32cubeide_1.3.0/stm32cubeide/plugins/com.st.stm32cube.ide.mcu.externaltools.gnu-tools-for-stm32.7-2018-q2-update.win32_1.5.0.202011040924/tools/bin/../lib/gcc/arm-none-eabi/7.3.1/thumb/v6-m\libgcc.a(subdf3.o)
                0x0000000008006b70                __aeabi_dsub
 .text          0x0000000008007200       0x6c c:/st/stm32cubeide_1.3.0/stm32cubeide/plugins/com.st.stm32cube.ide.mcu.externaltools.gnu-tools-for-stm32.7-2018-q2-update.win32_1.5.0.202011040924/tools/bin/../lib/gcc/arm-none-eabi/7.3.1/thumb/v6-m\libgcc.a(fixdfsi.o)
                0x0000000008007200                __aeabi_d2iz
 .text          0x000000000800726c       0xa4 c:/st/stm32cubeide_1.3.0/stm32cubeide/plugins/com.st.stm32cube.ide.mcu.externaltools.gnu-tools-for-stm32.7-2018-q2-update.win32_1.5.0.202011040924/tools/bin/../lib/gcc/arm-none-eabi/7.3.1/thumb/v6-m\libgcc.a(extendsfdf2.o)
                0x000000000800726c                __aeabi_f2d
 .text          0x0000000008007310      0x108 c:/st/stm32cubeide_1.3.0/stm32cubeide/plugins/com.st.stm32cube.ide.mcu.externaltools.gnu-tools-for-stm32.7-2018-q2-update.win32_1.5.0.202011040924/tools/bin/../lib/gcc/arm-none-eabi/7.3.1/thumb/v6-m\libgcc.a(truncdfsf2.o)
                0x0000000008007310                __aeabi_d2f
 .text          0x0000000008007418       0x3c c:/st/stm32cubeide_1.3.0/stm32cubeide/plugins/com.st.stm32cube.ide.mcu.externaltools.gnu-tools-for-stm32.7-2018-q2-update.win32_1.5.0.202011040924/tools/bin/../lib/gcc/arm-none-eabi/7.3.1/thumb/v6-m\libgcc.a(_clzsi2.o)
                0x0000000008007418                __clzsi2
 .text          0x0000000008007454       0x18 c:/st/stm32cubeide_1.3.0/stm32cubeide/plugins/com.st.stm32cube.ide.mcu.externaltools.gnu-tools-for-stm32.7-2018-q2-update.win32_1.5.0.202011040924/tools/bin/../lib/gcc/arm-none-eabi/7.3.1/thumb/v6-m\libgcc.a(_clzdi2.o)
                0x0000000008007454                __clzdi2
 *(.text*)
 .text.max31856_wr_reg
                0x000000000800746c       0x4c Core/Src/MAX31856.o
                0x000000000800746c                max31856_wr_reg
 .text.max31856_rd_reg
                0x00000000080074b8       0x64 Core/Src/MAX31856.o
                0x00000000080074b8                max31856_rd_reg
 .text.max31856_read_raw_buffered
                0x000000000800751c       0x1c Core/Src/MAX31856.o
                0x000000000800751c                max31856_read_raw_buffered
 .text.max31856_read_conf
                0x0000000008007538       0x40 Core/Src/MAX31856.o
                0x0000000008007538                max31856_read_conf
 .text.max31856_write_conf
                0x0000000008007578       0x58 Core/Src/MAX31856.o
                0x0000000008007578                max31856_write_conf
 .text.sampleExtCj
                0x00000000080075d0       0xe0 Core/Src/MAX31856.o
                0x00000000080075d0                sampleExtCj
 .text.max31856_nonmuxed_sample
                0x00000000080076b0      0x1d0 Core/Src/MAX31856.o
                0x00000000080076b0                max31856_nonmuxed_sample
 .text.max31856_init
                0x0000000008007880       0x80 Core/Src/MAX31856.o
                0x0000000008007880                max31856_init
 .text.tc_init  0x0000000008007900      0x118 Core/Src/MAX31856.o
                0x0000000008007900                tc_init
 .text.max31856_process
                0x0000000008007a18       0x14 Core/Src/MAX31856.o
                0x0000000008007a18                max31856_process
 .text.bl_remapMemToSRAM
                0x0000000008007a2c       0x38 Core/Src/bl_interface.o
                0x0000000008007a2c                bl_remapMemToSRAM
 .text.bus_cmd_ping_handler
                0x0000000008007a64        0x4 Core/Src/bus_comm.o
                0x0000000008007a64                bus_cmd_ping_handler
 .text.bus_cmd_pa_conf_read_handler
                0x0000000008007a68       0x54 Core/Src/bus_comm.o
                0x0000000008007a68                bus_cmd_pa_conf_read_handler
 .text.rt_bus_cmd_enter_bootloader
                0x0000000008007abc       0x10 Core/Src/bus_comm.o
                0x0000000008007abc                rt_bus_cmd_enter_bootloader
 .text.rt_bus_cmd_reset
                0x0000000008007acc       0x28 Core/Src/bus_comm.o
                0x0000000008007acc                rt_bus_cmd_reset
 .text.rt_bus_cmd_bl_stay
                0x0000000008007af4        0xc Core/Src/bus_comm.o
                0x0000000008007af4                rt_bus_cmd_bl_stay
 .text.bus_cmd_pa_read_handler
                0x0000000008007b00       0x10 Core/Src/bus_comm.o
                0x0000000008007b00                bus_cmd_pa_read_handler
 .text.bus_cmd_both_read_handler
                0x0000000008007b10       0x34 Core/Src/bus_comm.o
                0x0000000008007b10                bus_cmd_both_read_handler
 .text.bus_cmd_tc_read_handler
                0x0000000008007b44       0x24 Core/Src/bus_comm.o
                0x0000000008007b44                bus_cmd_tc_read_handler
 .text.bus_cmd_tc_conf_read_handler
                0x0000000008007b68       0x20 Core/Src/bus_comm.o
                0x0000000008007b68                bus_cmd_tc_conf_read_handler
 .text.bus_cmd_tc_conf_write_handler
                0x0000000008007b88       0x5c Core/Src/bus_comm.o
                0x0000000008007b88                bus_cmd_tc_conf_write_handler
 .text.bus_cmd_pa_conf_write_handler
                0x0000000008007be4       0x68 Core/Src/bus_comm.o
                0x0000000008007be4                bus_cmd_pa_conf_write_handler
 .text.bus_cmd_read_info_handler
                0x0000000008007c4c       0x74 Core/Src/bus_comm.o
                0x0000000008007c4c                bus_cmd_read_info_handler
 .text.rt_bus_cmd_bl_write_handler
                0x0000000008007cc0        0x4 Core/Src/bus_comm.o
                0x0000000008007cc0                rt_bus_cmd_bl_write_handler
 .text.rt_bus_cmd_bl_erase_handler
                0x0000000008007cc4        0x4 Core/Src/bus_comm.o
                0x0000000008007cc4                rt_bus_cmd_bl_erase_handler
 .text.rt_bus_cmd_bl_read_handler
                0x0000000008007cc8        0x4 Core/Src/bus_comm.o
                0x0000000008007cc8                rt_bus_cmd_bl_read_handler
 .text.crc16    0x0000000008007ccc       0x3c Core/Src/bus_comm.o
                0x0000000008007ccc                crc16
 .text.bus_frame_pack
                0x0000000008007d08       0x44 Core/Src/bus_comm.o
                0x0000000008007d08                bus_frame_pack
 .text.bus_process
                0x0000000008007d4c      0x118 Core/Src/bus_comm.o
                0x0000000008007d4c                bus_process
 .text.bus_comm_process
                0x0000000008007e64       0x18 Core/Src/bus_comm.o
                0x0000000008007e64                bus_comm_process
 .text.conf_writeconf
                0x0000000008007e7c       0x4c Core/Src/conf.o
                0x0000000008007e7c                conf_writeconf
 .text.conf_checkandload
                0x0000000008007ec8       0x54 Core/Src/conf.o
                0x0000000008007ec8                conf_checkandload
 .text.conf_save
                0x0000000008007f1c       0x1c Core/Src/conf.o
                0x0000000008007f1c                conf_save
 .text.conf_init
                0x0000000008007f38        0xc Core/Src/conf.o
                0x0000000008007f38                conf_init
 .text.debug_init
                0x0000000008007f44       0x20 Core/Src/debug.o
                0x0000000008007f44                debug_init
 .text.debug_transmit_buffer
                0x0000000008007f64       0x4c Core/Src/debug.o
                0x0000000008007f64                debug_transmit_buffer
 .text.__io_putchar
                0x0000000008007fb0       0x34 Core/Src/debug.o
                0x0000000008007fb0                __io_putchar
 .text.softI2C_SCL_read
                0x0000000008007fe4       0x18 Core/Src/ext_cj.o
                0x0000000008007fe4                softI2C_SCL_read
 .text.softI2C_wait_while_clock_stretching
                0x0000000008007ffc       0x1c Core/Src/ext_cj.o
 .text.softI2C_SDA_read
                0x0000000008008018       0x18 Core/Src/ext_cj.o
                0x0000000008008018                softI2C_SDA_read
 .text.softI2C_SDA_in
                0x0000000008008030       0x28 Core/Src/ext_cj.o
                0x0000000008008030                softI2C_SDA_in
 .text.softI2C_SDA_out
                0x0000000008008058       0x34 Core/Src/ext_cj.o
                0x0000000008008058                softI2C_SDA_out
 .text.softI2C_SCL_in
                0x000000000800808c       0x28 Core/Src/ext_cj.o
                0x000000000800808c                softI2C_SCL_in
 .text.softI2C_stop
                0x00000000080080b4       0x10 Core/Src/ext_cj.o
 .text.softI2C_SCL_out
                0x00000000080080c4       0x34 Core/Src/ext_cj.o
                0x00000000080080c4                softI2C_SCL_out
 .text.STS31_WriteCmd_soft
                0x00000000080080f8       0x54 Core/Src/ext_cj.o
                0x00000000080080f8                STS31_WriteCmd_soft
 .text.STS31_ReadCmd_soft
                0x000000000800814c       0x5a Core/Src/ext_cj.o
                0x000000000800814c                STS31_ReadCmd_soft
 .text.softI2C_i2c_write
                0x00000000080081a6       0x4a Core/Src/ext_cj.o
                0x00000000080081a6                softI2C_i2c_write
 .text.softI2C_i2c_read
                0x00000000080081f0       0x60 Core/Src/ext_cj.o
                0x00000000080081f0                softI2C_i2c_read
 .text.STS31_SoftReset_soft
                0x0000000008008250       0x14 Core/Src/ext_cj.o
                0x0000000008008250                STS31_SoftReset_soft
 .text.STS31_EnterPeriodicMode_soft
                0x0000000008008264       0x14 Core/Src/ext_cj.o
                0x0000000008008264                STS31_EnterPeriodicMode_soft
 .text.EXTCJ_ll_init_soft
                0x0000000008008278       0x40 Core/Src/ext_cj.o
                0x0000000008008278                EXTCJ_ll_init_soft
 .text.EXTCJ_init
                0x00000000080082b8       0x14 Core/Src/ext_cj.o
                0x00000000080082b8                EXTCJ_init
 .text.EXTCJ_ReadTemperature
                0x00000000080082cc       0x58 Core/Src/ext_cj.o
                0x00000000080082cc                EXTCJ_ReadTemperature
 .text.FLASH_If_Init
                0x0000000008008324       0x1c Core/Src/flash_if.o
                0x0000000008008324                FLASH_If_Init
 .text.FLASH_If_Erase
                0x0000000008008340       0x2e Core/Src/flash_if.o
                0x0000000008008340                FLASH_If_Erase
 .text.FLASH_If_Write
                0x000000000800836e       0x46 Core/Src/flash_if.o
                0x000000000800836e                FLASH_If_Write
 .text.HAL_SPI_RxCpltCallback
                0x00000000080083b4       0x40 Core/Src/main.o
                0x00000000080083b4                HAL_SPI_RxCpltCallback
 .text.SystemClock_Config
                0x00000000080083f4       0x98 Core/Src/main.o
                0x00000000080083f4                SystemClock_Config
 .text.startup.main
                0x000000000800848c      0x1f8 Core/Src/main.o
                0x000000000800848c                main
 .text.Error_Handler
                0x0000000008008684        0x4 Core/Src/main.o
                0x0000000008008684                Error_Handler
 .text.HAL_MspInit
                0x0000000008008688       0x1c Core/Src/stm32l0xx_hal_msp.o
                0x0000000008008688                HAL_MspInit
 .text.HAL_SPI_MspInit
                0x00000000080086a4      0x124 Core/Src/stm32l0xx_hal_msp.o
                0x00000000080086a4                HAL_SPI_MspInit
 .text.HAL_UART_MspInit
                0x00000000080087c8      0x12c Core/Src/stm32l0xx_hal_msp.o
                0x00000000080087c8                HAL_UART_MspInit
 .text.NMI_Handler
                0x00000000080088f4        0x2 Core/Src/stm32l0xx_it.o
                0x00000000080088f4                NMI_Handler
 .text.HardFault_Handler
                0x00000000080088f6        0x2 Core/Src/stm32l0xx_it.o
                0x00000000080088f6                HardFault_Handler
 .text.SVC_Handler
                0x00000000080088f8        0x2 Core/Src/stm32l0xx_it.o
                0x00000000080088f8                SVC_Handler
 .text.PendSV_Handler
                0x00000000080088fa        0x2 Core/Src/stm32l0xx_it.o
                0x00000000080088fa                PendSV_Handler
 .text.SysTick_Handler
                0x00000000080088fc        0x8 Core/Src/stm32l0xx_it.o
                0x00000000080088fc                SysTick_Handler
 .text.DMA1_Channel2_3_IRQHandler
                0x0000000008008904       0x18 Core/Src/stm32l0xx_it.o
                0x0000000008008904                DMA1_Channel2_3_IRQHandler
 .text.DMA1_Channel4_5_6_7_IRQHandler
                0x000000000800891c       0x18 Core/Src/stm32l0xx_it.o
                0x000000000800891c                DMA1_Channel4_5_6_7_IRQHandler
 .text.SPI1_IRQHandler
                0x0000000008008934       0x10 Core/Src/stm32l0xx_it.o
                0x0000000008008934                SPI1_IRQHandler
 .text.SPI2_IRQHandler
                0x0000000008008944       0x10 Core/Src/stm32l0xx_it.o
                0x0000000008008944                SPI2_IRQHandler
 .text.USART1_IRQHandler
                0x0000000008008954       0x10 Core/Src/stm32l0xx_it.o
                0x0000000008008954                USART1_IRQHandler
 .text.USART2_IRQHandler
                0x0000000008008964       0x10 Core/Src/stm32l0xx_it.o
                0x0000000008008964                USART2_IRQHandler
 .text.HAL_UART_RxCpltCallback
                0x0000000008008974       0x24 Core/Src/stpm3x.o
                0x0000000008008974                HAL_UART_RxCpltCallback
 .text.stmp3x_read_raw_buffered
                0x0000000008008998       0x18 Core/Src/stpm3x.o
                0x0000000008008998                stmp3x_read_raw_buffered
 .text.stpmReset
                0x00000000080089b0       0x24 Core/Src/stpm3x.o
                0x00000000080089b0                stpmReset
 .text.stpm_init
                0x00000000080089d4       0xb0 Core/Src/stpm3x.o
                0x00000000080089d4                stpm_init
 .text.stpm_Process
                0x0000000008008a84       0xd0 Core/Src/stpm3x.o
                0x0000000008008a84                stpm_Process
 .text._read    0x0000000008008b54       0x1c Core/Src/syscalls.o
                0x0000000008008b54                _read
 .text._write   0x0000000008008b70       0x1c Core/Src/syscalls.o
                0x0000000008008b70                _write
 .text._close   0x0000000008008b8c        0x6 Core/Src/syscalls.o
                0x0000000008008b8c                _close
 .text._fstat   0x0000000008008b92        0xa Core/Src/syscalls.o
                0x0000000008008b92                _fstat
 .text._isatty  0x0000000008008b9c        0x4 Core/Src/syscalls.o
                0x0000000008008b9c                _isatty
 .text._lseek   0x0000000008008ba0        0x4 Core/Src/syscalls.o
                0x0000000008008ba0                _lseek
 .text._sbrk    0x0000000008008ba4       0x40 Core/Src/sysmem.o
                0x0000000008008ba4                _sbrk
 .text.SystemInit
                0x0000000008008be4        0x2 Core/Src/system_stm32l0xx.o
                0x0000000008008be4                SystemInit
 *fill*         0x0000000008008be6        0x2 
 .text.Reset_Handler
                0x0000000008008be8       0x50 Core/Startup/startup_stm32l073rztx.o
                0x0000000008008be8                Reset_Handler
 .text.Default_Handler
                0x0000000008008c38        0x2 Core/Startup/startup_stm32l073rztx.o
                0x0000000008008c38                TSC_IRQHandler
                0x0000000008008c38                ADC1_COMP_IRQHandler
                0x0000000008008c38                PVD_IRQHandler
                0x0000000008008c38                I2C1_IRQHandler
                0x0000000008008c38                RCC_CRS_IRQHandler
                0x0000000008008c38                TIM6_DAC_IRQHandler
                0x0000000008008c38                EXTI2_3_IRQHandler
                0x0000000008008c38                I2C2_IRQHandler
                0x0000000008008c38                RTC_IRQHandler
                0x0000000008008c38                LCD_IRQHandler
                0x0000000008008c38                TIM3_IRQHandler
                0x0000000008008c38                EXTI4_15_IRQHandler
                0x0000000008008c38                DMA1_Channel1_IRQHandler
                0x0000000008008c38                USART4_5_IRQHandler
                0x0000000008008c38                Default_Handler
                0x0000000008008c38                TIM22_IRQHandler
                0x0000000008008c38                TIM7_IRQHandler
                0x0000000008008c38                EXTI0_1_IRQHandler
                0x0000000008008c38                USB_IRQHandler
                0x0000000008008c38                I2C3_IRQHandler
                0x0000000008008c38                TIM21_IRQHandler
                0x0000000008008c38                WWDG_IRQHandler
                0x0000000008008c38                TIM2_IRQHandler
                0x0000000008008c38                FLASH_IRQHandler
                0x0000000008008c38                RNG_LPUART1_IRQHandler
                0x0000000008008c38                LPTIM1_IRQHandler
 *fill*         0x0000000008008c3a        0x2 
 .text.HAL_InitTick
                0x0000000008008c3c       0x48 Drivers/STM32L0xx_HAL_Driver/Src/stm32l0xx_hal.o
                0x0000000008008c3c                HAL_InitTick
 .text.HAL_Init
                0x0000000008008c84       0x28 Drivers/STM32L0xx_HAL_Driver/Src/stm32l0xx_hal.o
                0x0000000008008c84                HAL_Init
 .text.HAL_IncTick
                0x0000000008008cac       0x18 Drivers/STM32L0xx_HAL_Driver/Src/stm32l0xx_hal.o
                0x0000000008008cac                HAL_IncTick
 .text.HAL_GetTick
                0x0000000008008cc4        0xc Drivers/STM32L0xx_HAL_Driver/Src/stm32l0xx_hal.o
                0x0000000008008cc4                HAL_GetTick
 .text.HAL_Delay
                0x0000000008008cd0       0x24 Drivers/STM32L0xx_HAL_Driver/Src/stm32l0xx_hal.o
                0x0000000008008cd0                HAL_Delay
 .text.HAL_NVIC_SetPriority
                0x0000000008008cf4       0x54 Drivers/STM32L0xx_HAL_Driver/Src/stm32l0xx_hal_cortex.o
                0x0000000008008cf4                HAL_NVIC_SetPriority
 .text.HAL_NVIC_EnableIRQ
                0x0000000008008d48       0x18 Drivers/STM32L0xx_HAL_Driver/Src/stm32l0xx_hal_cortex.o
                0x0000000008008d48                HAL_NVIC_EnableIRQ
 .text.HAL_SYSTICK_Config
                0x0000000008008d60       0x34 Drivers/STM32L0xx_HAL_Driver/Src/stm32l0xx_hal_cortex.o
                0x0000000008008d60                HAL_SYSTICK_Config
 .text.HAL_DMA_Init
                0x0000000008008d94       0x88 Drivers/STM32L0xx_HAL_Driver/Src/stm32l0xx_hal_dma.o
                0x0000000008008d94                HAL_DMA_Init
 .text.HAL_DMA_Start
                0x0000000008008e1c       0x62 Drivers/STM32L0xx_HAL_Driver/Src/stm32l0xx_hal_dma.o
                0x0000000008008e1c                HAL_DMA_Start
 .text.HAL_DMA_Start_IT
                0x0000000008008e7e       0x80 Drivers/STM32L0xx_HAL_Driver/Src/stm32l0xx_hal_dma.o
                0x0000000008008e7e                HAL_DMA_Start_IT
 .text.HAL_DMA_Abort
                0x0000000008008efe       0x40 Drivers/STM32L0xx_HAL_Driver/Src/stm32l0xx_hal_dma.o
                0x0000000008008efe                HAL_DMA_Abort
 .text.HAL_DMA_Abort_IT
                0x0000000008008f3e       0x4a Drivers/STM32L0xx_HAL_Driver/Src/stm32l0xx_hal_dma.o
                0x0000000008008f3e                HAL_DMA_Abort_IT
 .text.HAL_DMA_IRQHandler
                0x0000000008008f88       0x96 Drivers/STM32L0xx_HAL_Driver/Src/stm32l0xx_hal_dma.o
                0x0000000008008f88                HAL_DMA_IRQHandler
 *fill*         0x000000000800901e        0x2 
 .text.FLASH_SetErrorCode
                0x0000000008009020       0xa8 Drivers/STM32L0xx_HAL_Driver/Src/stm32l0xx_hal_flash.o
 .text.HAL_FLASH_Unlock
                0x00000000080090c8       0x5c Drivers/STM32L0xx_HAL_Driver/Src/stm32l0xx_hal_flash.o
                0x00000000080090c8                HAL_FLASH_Unlock
 .text.HAL_FLASH_Lock
                0x0000000008009124       0x1c Drivers/STM32L0xx_HAL_Driver/Src/stm32l0xx_hal_flash.o
                0x0000000008009124                HAL_FLASH_Lock
 .text.FLASH_WaitForLastOperation
                0x0000000008009140       0x74 Drivers/STM32L0xx_HAL_Driver/Src/stm32l0xx_hal_flash.o
                0x0000000008009140                FLASH_WaitForLastOperation
 .text.HAL_FLASH_Program
                0x00000000080091b4       0x38 Drivers/STM32L0xx_HAL_Driver/Src/stm32l0xx_hal_flash.o
                0x00000000080091b4                HAL_FLASH_Program
 .text.FLASH_PageErase
                0x00000000080091ec       0x2c Drivers/STM32L0xx_HAL_Driver/Src/stm32l0xx_hal_flash_ex.o
                0x00000000080091ec                FLASH_PageErase
 .text.HAL_FLASHEx_Erase
                0x0000000008009218       0x78 Drivers/STM32L0xx_HAL_Driver/Src/stm32l0xx_hal_flash_ex.o
                0x0000000008009218                HAL_FLASHEx_Erase
 .text.HAL_GPIO_Init
                0x0000000008009290      0x18c Drivers/STM32L0xx_HAL_Driver/Src/stm32l0xx_hal_gpio.o
                0x0000000008009290                HAL_GPIO_Init
 .text.HAL_GPIO_ReadPin
                0x000000000800941c        0xc Drivers/STM32L0xx_HAL_Driver/Src/stm32l0xx_hal_gpio.o
                0x000000000800941c                HAL_GPIO_ReadPin
 .text.HAL_GPIO_WritePin
                0x0000000008009428        0xc Drivers/STM32L0xx_HAL_Driver/Src/stm32l0xx_hal_gpio.o
                0x0000000008009428                HAL_GPIO_WritePin
 .text.HAL_RCC_GetSysClockFreq
                0x0000000008009434       0x94 Drivers/STM32L0xx_HAL_Driver/Src/stm32l0xx_hal_rcc.o
                0x0000000008009434                HAL_RCC_GetSysClockFreq
 .text.HAL_RCC_OscConfig
                0x00000000080094c8      0x520 Drivers/STM32L0xx_HAL_Driver/Src/stm32l0xx_hal_rcc.o
                0x00000000080094c8                HAL_RCC_OscConfig
 .text.HAL_RCC_ClockConfig
                0x00000000080099e8      0x19c Drivers/STM32L0xx_HAL_Driver/Src/stm32l0xx_hal_rcc.o
                0x00000000080099e8                HAL_RCC_ClockConfig
 .text.HAL_RCC_GetPCLK1Freq
                0x0000000008009b84       0x20 Drivers/STM32L0xx_HAL_Driver/Src/stm32l0xx_hal_rcc.o
                0x0000000008009b84                HAL_RCC_GetPCLK1Freq
 .text.HAL_RCC_GetPCLK2Freq
                0x0000000008009ba4       0x20 Drivers/STM32L0xx_HAL_Driver/Src/stm32l0xx_hal_rcc.o
                0x0000000008009ba4                HAL_RCC_GetPCLK2Freq
 .text.HAL_RCCEx_PeriphCLKConfig
                0x0000000008009bc4      0x1d4 Drivers/STM32L0xx_HAL_Driver/Src/stm32l0xx_hal_rcc_ex.o
                0x0000000008009bc4                HAL_RCCEx_PeriphCLKConfig
 .text.SPI_WaitFlagStateUntilTimeout.constprop.7
                0x0000000008009d98       0xb8 Drivers/STM32L0xx_HAL_Driver/Src/stm32l0xx_hal_spi.o
 .text.SPI_EndRxTransaction
                0x0000000008009e50       0x54 Drivers/STM32L0xx_HAL_Driver/Src/stm32l0xx_hal_spi.o
 .text.SPI_EndRxTxTransaction
                0x0000000008009ea4       0x64 Drivers/STM32L0xx_HAL_Driver/Src/stm32l0xx_hal_spi.o
 .text.HAL_SPI_Init
                0x0000000008009f08       0xc4 Drivers/STM32L0xx_HAL_Driver/Src/stm32l0xx_hal_spi.o
                0x0000000008009f08                HAL_SPI_Init
 .text.HAL_SPI_Transmit
                0x0000000008009fcc      0x174 Drivers/STM32L0xx_HAL_Driver/Src/stm32l0xx_hal_spi.o
                0x0000000008009fcc                HAL_SPI_Transmit
 .text.HAL_SPI_TransmitReceive
                0x000000000800a140      0x1e6 Drivers/STM32L0xx_HAL_Driver/Src/stm32l0xx_hal_spi.o
                0x000000000800a140                HAL_SPI_TransmitReceive
 *fill*         0x000000000800a326        0x2 
 .text.HAL_SPI_Receive
                0x000000000800a328      0x14c Drivers/STM32L0xx_HAL_Driver/Src/stm32l0xx_hal_spi.o
                0x000000000800a328                HAL_SPI_Receive
 .text.HAL_SPI_TransmitReceive_DMA
                0x000000000800a474      0x118 Drivers/STM32L0xx_HAL_Driver/Src/stm32l0xx_hal_spi.o
                0x000000000800a474                HAL_SPI_TransmitReceive_DMA
 .text.HAL_SPI_Receive_DMA
                0x000000000800a58c       0xec Drivers/STM32L0xx_HAL_Driver/Src/stm32l0xx_hal_spi.o
                0x000000000800a58c                HAL_SPI_Receive_DMA
 .text.HAL_SPI_TxRxCpltCallback
                0x000000000800a678        0x2 Drivers/STM32L0xx_HAL_Driver/Src/stm32l0xx_hal_spi.o
                0x000000000800a678                HAL_SPI_TxRxCpltCallback
 .text.HAL_SPI_RxHalfCpltCallback
                0x000000000800a67a        0x2 Drivers/STM32L0xx_HAL_Driver/Src/stm32l0xx_hal_spi.o
                0x000000000800a67a                HAL_SPI_RxHalfCpltCallback
 .text.SPI_DMAHalfReceiveCplt
                0x000000000800a67c        0xa Drivers/STM32L0xx_HAL_Driver/Src/stm32l0xx_hal_spi.o
 .text.HAL_SPI_TxRxHalfCpltCallback
                0x000000000800a686        0x2 Drivers/STM32L0xx_HAL_Driver/Src/stm32l0xx_hal_spi.o
                0x000000000800a686                HAL_SPI_TxRxHalfCpltCallback
 .text.SPI_DMAHalfTransmitReceiveCplt
                0x000000000800a688        0xa Drivers/STM32L0xx_HAL_Driver/Src/stm32l0xx_hal_spi.o
 .text.HAL_SPI_ErrorCallback
                0x000000000800a692        0x2 Drivers/STM32L0xx_HAL_Driver/Src/stm32l0xx_hal_spi.o
                0x000000000800a692                HAL_SPI_ErrorCallback
 .text.SPI_DMAError
                0x000000000800a694       0x24 Drivers/STM32L0xx_HAL_Driver/Src/stm32l0xx_hal_spi.o
 .text.SPI_DMAReceiveCplt
                0x000000000800a6b8       0x6e Drivers/STM32L0xx_HAL_Driver/Src/stm32l0xx_hal_spi.o
 .text.SPI_DMATransmitReceiveCplt
                0x000000000800a726       0x5e Drivers/STM32L0xx_HAL_Driver/Src/stm32l0xx_hal_spi.o
 .text.HAL_SPI_IRQHandler
                0x000000000800a784      0x11c Drivers/STM32L0xx_HAL_Driver/Src/stm32l0xx_hal_spi.o
                0x000000000800a784                HAL_SPI_IRQHandler
 .text.SPI_DMAAbortOnError
                0x000000000800a8a0       0x10 Drivers/STM32L0xx_HAL_Driver/Src/stm32l0xx_hal_spi.o
 .text.UART_EndRxTransfer
                0x000000000800a8b0       0x5c Drivers/STM32L0xx_HAL_Driver/Src/stm32l0xx_hal_uart.o
 .text.HAL_UART_Transmit_DMA
                0x000000000800a90c       0xb4 Drivers/STM32L0xx_HAL_Driver/Src/stm32l0xx_hal_uart.o
                0x000000000800a90c                HAL_UART_Transmit_DMA
 .text.HAL_UART_TxCpltCallback
                0x000000000800a9c0        0x2 Drivers/STM32L0xx_HAL_Driver/Src/stm32l0xx_hal_uart.o
                0x000000000800a9c0                HAL_UART_TxCpltCallback
 .text.UART_DMATransmitCplt
                0x000000000800a9c2       0x4c Drivers/STM32L0xx_HAL_Driver/Src/stm32l0xx_hal_uart.o
 .text.HAL_UART_TxHalfCpltCallback
                0x000000000800aa0e        0x2 Drivers/STM32L0xx_HAL_Driver/Src/stm32l0xx_hal_uart.o
                0x000000000800aa0e                HAL_UART_TxHalfCpltCallback
 .text.UART_DMATxHalfCplt
                0x000000000800aa10        0xa Drivers/STM32L0xx_HAL_Driver/Src/stm32l0xx_hal_uart.o
 .text.HAL_UART_RxHalfCpltCallback
                0x000000000800aa1a        0x2 Drivers/STM32L0xx_HAL_Driver/Src/stm32l0xx_hal_uart.o
                0x000000000800aa1a                HAL_UART_RxHalfCpltCallback
 .text.HAL_UART_ErrorCallback
                0x000000000800aa1c        0x2 Drivers/STM32L0xx_HAL_Driver/Src/stm32l0xx_hal_uart.o
                0x000000000800aa1c                HAL_UART_ErrorCallback
 .text.UART_DMAError
                0x000000000800aa1e       0x64 Drivers/STM32L0xx_HAL_Driver/Src/stm32l0xx_hal_uart.o
 .text.UART_DMAAbortOnError
                0x000000000800aa82       0x16 Drivers/STM32L0xx_HAL_Driver/Src/stm32l0xx_hal_uart.o
 .text.HAL_UARTEx_RxEventCallback
                0x000000000800aa98        0x2 Drivers/STM32L0xx_HAL_Driver/Src/stm32l0xx_hal_uart.o
                0x000000000800aa98                HAL_UARTEx_RxEventCallback
 *fill*         0x000000000800aa9a        0x2 
 .text.HAL_UART_IRQHandler
                0x000000000800aa9c      0x2b0 Drivers/STM32L0xx_HAL_Driver/Src/stm32l0xx_hal_uart.o
                0x000000000800aa9c                HAL_UART_IRQHandler
 .text.UART_DMARxHalfCplt
                0x000000000800ad4c       0x1e Drivers/STM32L0xx_HAL_Driver/Src/stm32l0xx_hal_uart.o
 *fill*         0x000000000800ad6a        0x2 
 .text.UART_DMAReceiveCplt
                0x000000000800ad6c       0x94 Drivers/STM32L0xx_HAL_Driver/Src/stm32l0xx_hal_uart.o
 .text.UART_SetConfig
                0x000000000800ae00      0x214 Drivers/STM32L0xx_HAL_Driver/Src/stm32l0xx_hal_uart.o
                0x000000000800ae00                UART_SetConfig
 .text.UART_AdvFeatureConfig
                0x000000000800b014       0xd0 Drivers/STM32L0xx_HAL_Driver/Src/stm32l0xx_hal_uart.o
                0x000000000800b014                UART_AdvFeatureConfig
 .text.UART_WaitOnFlagUntilTimeout
                0x000000000800b0e4       0xc4 Drivers/STM32L0xx_HAL_Driver/Src/stm32l0xx_hal_uart.o
                0x000000000800b0e4                UART_WaitOnFlagUntilTimeout
 .text.HAL_UART_Transmit
                0x000000000800b1a8       0xd6 Drivers/STM32L0xx_HAL_Driver/Src/stm32l0xx_hal_uart.o
                0x000000000800b1a8                HAL_UART_Transmit
 *fill*         0x000000000800b27e        0x2 
 .text.UART_CheckIdleState
                0x000000000800b280       0x64 Drivers/STM32L0xx_HAL_Driver/Src/stm32l0xx_hal_uart.o
                0x000000000800b280                UART_CheckIdleState
 .text.HAL_UART_Init
                0x000000000800b2e4       0x64 Drivers/STM32L0xx_HAL_Driver/Src/stm32l0xx_hal_uart.o
                0x000000000800b2e4                HAL_UART_Init
 .text.UART_Start_Receive_DMA
                0x000000000800b348       0xa4 Drivers/STM32L0xx_HAL_Driver/Src/stm32l0xx_hal_uart.o
                0x000000000800b348                UART_Start_Receive_DMA
 .text.HAL_UART_Receive_DMA
                0x000000000800b3ec       0x70 Drivers/STM32L0xx_HAL_Driver/Src/stm32l0xx_hal_uart.o
                0x000000000800b3ec                HAL_UART_Receive_DMA
 .text.HAL_UARTEx_WakeupCallback
                0x000000000800b45c        0x2 Drivers/STM32L0xx_HAL_Driver/Src/stm32l0xx_hal_uart_ex.o
                0x000000000800b45c                HAL_UARTEx_WakeupCallback
 *fill*         0x000000000800b45e        0x2 
 .text.__errno  0x000000000800b460        0xc c:/st/stm32cubeide_1.3.0/stm32cubeide/plugins/com.st.stm32cube.ide.mcu.externaltools.gnu-tools-for-stm32.7-2018-q2-update.win32_1.5.0.202011040924/tools/bin/../lib/gcc/arm-none-eabi/7.3.1/../../../../arm-none-eabi/lib/thumb/v6-m\libc_nano.a(lib_a-errno.o)
                0x000000000800b460                __errno
 .text.__libc_init_array
                0x000000000800b46c       0x48 c:/st/stm32cubeide_1.3.0/stm32cubeide/plugins/com.st.stm32cube.ide.mcu.externaltools.gnu-tools-for-stm32.7-2018-q2-update.win32_1.5.0.202011040924/tools/bin/../lib/gcc/arm-none-eabi/7.3.1/../../../../arm-none-eabi/lib/thumb/v6-m\libc_nano.a(lib_a-init.o)
                0x000000000800b46c                __libc_init_array
 .text.memcmp   0x000000000800b4b4       0x1e c:/st/stm32cubeide_1.3.0/stm32cubeide/plugins/com.st.stm32cube.ide.mcu.externaltools.gnu-tools-for-stm32.7-2018-q2-update.win32_1.5.0.202011040924/tools/bin/../lib/gcc/arm-none-eabi/7.3.1/../../../../arm-none-eabi/lib/thumb/v6-m\libc_nano.a(lib_a-memcmp.o)
                0x000000000800b4b4                memcmp
 .text.memcpy   0x000000000800b4d2       0x12 c:/st/stm32cubeide_1.3.0/stm32cubeide/plugins/com.st.stm32cube.ide.mcu.externaltools.gnu-tools-for-stm32.7-2018-q2-update.win32_1.5.0.202011040924/tools/bin/../lib/gcc/arm-none-eabi/7.3.1/../../../../arm-none-eabi/lib/thumb/v6-m\libc_nano.a(lib_a-memcpy-stub.o)
                0x000000000800b4d2                memcpy
 .text.memset   0x000000000800b4e4       0x10 c:/st/stm32cubeide_1.3.0/stm32cubeide/plugins/com.st.stm32cube.ide.mcu.externaltools.gnu-tools-for-stm32.7-2018-q2-update.win32_1.5.0.202011040924/tools/bin/../lib/gcc/arm-none-eabi/7.3.1/../../../../arm-none-eabi/lib/thumb/v6-m\libc_nano.a(lib_a-memset.o)
                0x000000000800b4e4                memset
 .text.printf   0x000000000800b4f4       0x34 c:/st/stm32cubeide_1.3.0/stm32cubeide/plugins/com.st.stm32cube.ide.mcu.externaltools.gnu-tools-for-stm32.7-2018-q2-update.win32_1.5.0.202011040924/tools/bin/../lib/gcc/arm-none-eabi/7.3.1/../../../../arm-none-eabi/lib/thumb/v6-m\libc_nano.a(lib_a-printf.o)
                0x000000000800b4f4                iprintf
                0x000000000800b4f4                printf
 .text._puts_r  0x000000000800b528       0xc0 c:/st/stm32cubeide_1.3.0/stm32cubeide/plugins/com.st.stm32cube.ide.mcu.externaltools.gnu-tools-for-stm32.7-2018-q2-update.win32_1.5.0.202011040924/tools/bin/../lib/gcc/arm-none-eabi/7.3.1/../../../../arm-none-eabi/lib/thumb/v6-m\libc_nano.a(lib_a-puts.o)
                0x000000000800b528                _puts_r
 .text.puts     0x000000000800b5e8       0x14 c:/st/stm32cubeide_1.3.0/stm32cubeide/plugins/com.st.stm32cube.ide.mcu.externaltools.gnu-tools-for-stm32.7-2018-q2-update.win32_1.5.0.202011040924/tools/bin/../lib/gcc/arm-none-eabi/7.3.1/../../../../arm-none-eabi/lib/thumb/v6-m\libc_nano.a(lib_a-puts.o)
                0x000000000800b5e8                puts
 .text.sprintf  0x000000000800b5fc       0x40 c:/st/stm32cubeide_1.3.0/stm32cubeide/plugins/com.st.stm32cube.ide.mcu.externaltools.gnu-tools-for-stm32.7-2018-q2-update.win32_1.5.0.202011040924/tools/bin/../lib/gcc/arm-none-eabi/7.3.1/../../../../arm-none-eabi/lib/thumb/v6-m\libc_nano.a(lib_a-sprintf.o)
                0x000000000800b5fc                siprintf
                0x000000000800b5fc                sprintf
 .text.__swbuf_r
                0x000000000800b63c       0xac c:/st/stm32cubeide_1.3.0/stm32cubeide/plugins/com.st.stm32cube.ide.mcu.externaltools.gnu-tools-for-stm32.7-2018-q2-update.win32_1.5.0.202011040924/tools/bin/../lib/gcc/arm-none-eabi/7.3.1/../../../../arm-none-eabi/lib/thumb/v6-m\libc_nano.a(lib_a-wbuf.o)
                0x000000000800b63c                __swbuf_r
 .text.__swsetup_r
                0x000000000800b6e8       0xec c:/st/stm32cubeide_1.3.0/stm32cubeide/plugins/com.st.stm32cube.ide.mcu.externaltools.gnu-tools-for-stm32.7-2018-q2-update.win32_1.5.0.202011040924/tools/bin/../lib/gcc/arm-none-eabi/7.3.1/../../../../arm-none-eabi/lib/thumb/v6-m\libc_nano.a(lib_a-wsetup.o)
                0x000000000800b6e8                __swsetup_r
 .text.__sflush_r
                0x000000000800b7d4      0x114 c:/st/stm32cubeide_1.3.0/stm32cubeide/plugins/com.st.stm32cube.ide.mcu.externaltools.gnu-tools-for-stm32.7-2018-q2-update.win32_1.5.0.202011040924/tools/bin/../lib/gcc/arm-none-eabi/7.3.1/../../../../arm-none-eabi/lib/thumb/v6-m\libc_nano.a(lib_a-fflush.o)
                0x000000000800b7d4                __sflush_r
 .text._fflush_r
                0x000000000800b8e8       0x58 c:/st/stm32cubeide_1.3.0/stm32cubeide/plugins/com.st.stm32cube.ide.mcu.externaltools.gnu-tools-for-stm32.7-2018-q2-update.win32_1.5.0.202011040924/tools/bin/../lib/gcc/arm-none-eabi/7.3.1/../../../../arm-none-eabi/lib/thumb/v6-m\libc_nano.a(lib_a-fflush.o)
                0x000000000800b8e8                _fflush_r
 .text.std      0x000000000800b940       0x48 c:/st/stm32cubeide_1.3.0/stm32cubeide/plugins/com.st.stm32cube.ide.mcu.externaltools.gnu-tools-for-stm32.7-2018-q2-update.win32_1.5.0.202011040924/tools/bin/../lib/gcc/arm-none-eabi/7.3.1/../../../../arm-none-eabi/lib/thumb/v6-m\libc_nano.a(lib_a-findfp.o)
 .text._cleanup_r
                0x000000000800b988       0x10 c:/st/stm32cubeide_1.3.0/stm32cubeide/plugins/com.st.stm32cube.ide.mcu.externaltools.gnu-tools-for-stm32.7-2018-q2-update.win32_1.5.0.202011040924/tools/bin/../lib/gcc/arm-none-eabi/7.3.1/../../../../arm-none-eabi/lib/thumb/v6-m\libc_nano.a(lib_a-findfp.o)
                0x000000000800b988                _cleanup_r
 .text.__sfmoreglue
                0x000000000800b998       0x2c c:/st/stm32cubeide_1.3.0/stm32cubeide/plugins/com.st.stm32cube.ide.mcu.externaltools.gnu-tools-for-stm32.7-2018-q2-update.win32_1.5.0.202011040924/tools/bin/../lib/gcc/arm-none-eabi/7.3.1/../../../../arm-none-eabi/lib/thumb/v6-m\libc_nano.a(lib_a-findfp.o)
                0x000000000800b998                __sfmoreglue
 .text.__sinit  0x000000000800b9c4       0x68 c:/st/stm32cubeide_1.3.0/stm32cubeide/plugins/com.st.stm32cube.ide.mcu.externaltools.gnu-tools-for-stm32.7-2018-q2-update.win32_1.5.0.202011040924/tools/bin/../lib/gcc/arm-none-eabi/7.3.1/../../../../arm-none-eabi/lib/thumb/v6-m\libc_nano.a(lib_a-findfp.o)
                0x000000000800b9c4                __sinit
 .text.__sfp    0x000000000800ba2c       0x7c c:/st/stm32cubeide_1.3.0/stm32cubeide/plugins/com.st.stm32cube.ide.mcu.externaltools.gnu-tools-for-stm32.7-2018-q2-update.win32_1.5.0.202011040924/tools/bin/../lib/gcc/arm-none-eabi/7.3.1/../../../../arm-none-eabi/lib/thumb/v6-m\libc_nano.a(lib_a-findfp.o)
                0x000000000800ba2c                __sfp
 .text._fwalk_reent
                0x000000000800baa8       0x42 c:/st/stm32cubeide_1.3.0/stm32cubeide/plugins/com.st.stm32cube.ide.mcu.externaltools.gnu-tools-for-stm32.7-2018-q2-update.win32_1.5.0.202011040924/tools/bin/../lib/gcc/arm-none-eabi/7.3.1/../../../../arm-none-eabi/lib/thumb/v6-m\libc_nano.a(lib_a-fwalk.o)
                0x000000000800baa8                _fwalk_reent
 *fill*         0x000000000800baea        0x2 
 .text.__swhatbuf_r
                0x000000000800baec       0x50 c:/st/stm32cubeide_1.3.0/stm32cubeide/plugins/com.st.stm32cube.ide.mcu.externaltools.gnu-tools-for-stm32.7-2018-q2-update.win32_1.5.0.202011040924/tools/bin/../lib/gcc/arm-none-eabi/7.3.1/../../../../arm-none-eabi/lib/thumb/v6-m\libc_nano.a(lib_a-makebuf.o)
                0x000000000800baec                __swhatbuf_r
 .text.__smakebuf_r
                0x000000000800bb3c       0x88 c:/st/stm32cubeide_1.3.0/stm32cubeide/plugins/com.st.stm32cube.ide.mcu.externaltools.gnu-tools-for-stm32.7-2018-q2-update.win32_1.5.0.202011040924/tools/bin/../lib/gcc/arm-none-eabi/7.3.1/../../../../arm-none-eabi/lib/thumb/v6-m\libc_nano.a(lib_a-makebuf.o)
                0x000000000800bb3c                __smakebuf_r
 .text._free_r  0x000000000800bbc4       0x94 c:/st/stm32cubeide_1.3.0/stm32cubeide/plugins/com.st.stm32cube.ide.mcu.externaltools.gnu-tools-for-stm32.7-2018-q2-update.win32_1.5.0.202011040924/tools/bin/../lib/gcc/arm-none-eabi/7.3.1/../../../../arm-none-eabi/lib/thumb/v6-m\libc_nano.a(lib_a-nano-freer.o)
                0x000000000800bbc4                _free_r
 .text._malloc_r
                0x000000000800bc58       0xbc c:/st/stm32cubeide_1.3.0/stm32cubeide/plugins/com.st.stm32cube.ide.mcu.externaltools.gnu-tools-for-stm32.7-2018-q2-update.win32_1.5.0.202011040924/tools/bin/../lib/gcc/arm-none-eabi/7.3.1/../../../../arm-none-eabi/lib/thumb/v6-m\libc_nano.a(lib_a-nano-mallocr.o)
                0x000000000800bc58                _malloc_r
 .text.__ssputs_r
                0x000000000800bd14       0xc4 c:/st/stm32cubeide_1.3.0/stm32cubeide/plugins/com.st.stm32cube.ide.mcu.externaltools.gnu-tools-for-stm32.7-2018-q2-update.win32_1.5.0.202011040924/tools/bin/../lib/gcc/arm-none-eabi/7.3.1/../../../../arm-none-eabi/lib/thumb/v6-m\libc_nano.a(lib_a-nano-svfprintf.o)
                0x000000000800bd14                __ssputs_r
 .text._svfprintf_r
                0x000000000800bdd8      0x1fc c:/st/stm32cubeide_1.3.0/stm32cubeide/plugins/com.st.stm32cube.ide.mcu.externaltools.gnu-tools-for-stm32.7-2018-q2-update.win32_1.5.0.202011040924/tools/bin/../lib/gcc/arm-none-eabi/7.3.1/../../../../arm-none-eabi/lib/thumb/v6-m\libc_nano.a(lib_a-nano-svfprintf.o)
                0x000000000800bdd8                _svfiprintf_r
                0x000000000800bdd8                _svfprintf_r
 .text.__sfputc_r
                0x000000000800bfd4       0x2a c:/st/stm32cubeide_1.3.0/stm32cubeide/plugins/com.st.stm32cube.ide.mcu.externaltools.gnu-tools-for-stm32.7-2018-q2-update.win32_1.5.0.202011040924/tools/bin/../lib/gcc/arm-none-eabi/7.3.1/../../../../arm-none-eabi/lib/thumb/v6-m\libc_nano.a(lib_a-nano-vfprintf.o)
 .text.__sfputs_r
                0x000000000800bffe       0x24 c:/st/stm32cubeide_1.3.0/stm32cubeide/plugins/com.st.stm32cube.ide.mcu.externaltools.gnu-tools-for-stm32.7-2018-q2-update.win32_1.5.0.202011040924/tools/bin/../lib/gcc/arm-none-eabi/7.3.1/../../../../arm-none-eabi/lib/thumb/v6-m\libc_nano.a(lib_a-nano-vfprintf.o)
                0x000000000800bffe                __sfputs_r
 *fill*         0x000000000800c022        0x2 
 .text._vfprintf_r
                0x000000000800c024      0x22c c:/st/stm32cubeide_1.3.0/stm32cubeide/plugins/com.st.stm32cube.ide.mcu.externaltools.gnu-tools-for-stm32.7-2018-q2-update.win32_1.5.0.202011040924/tools/bin/../lib/gcc/arm-none-eabi/7.3.1/../../../../arm-none-eabi/lib/thumb/v6-m\libc_nano.a(lib_a-nano-vfprintf.o)
                0x000000000800c024                _vfprintf_r
                0x000000000800c024                _vfiprintf_r
 .text._printf_common
                0x000000000800c250       0xda c:/st/stm32cubeide_1.3.0/stm32cubeide/plugins/com.st.stm32cube.ide.mcu.externaltools.gnu-tools-for-stm32.7-2018-q2-update.win32_1.5.0.202011040924/tools/bin/../lib/gcc/arm-none-eabi/7.3.1/../../../../arm-none-eabi/lib/thumb/v6-m\libc_nano.a(lib_a-nano-vfprintf_i.o)
                0x000000000800c250                _printf_common
 *fill*         0x000000000800c32a        0x2 
 .text._printf_i
                0x000000000800c32c      0x210 c:/st/stm32cubeide_1.3.0/stm32cubeide/plugins/com.st.stm32cube.ide.mcu.externaltools.gnu-tools-for-stm32.7-2018-q2-update.win32_1.5.0.202011040924/tools/bin/../lib/gcc/arm-none-eabi/7.3.1/../../../../arm-none-eabi/lib/thumb/v6-m\libc_nano.a(lib_a-nano-vfprintf_i.o)
                0x000000000800c32c                _printf_i
 .text._sbrk_r  0x000000000800c53c       0x24 c:/st/stm32cubeide_1.3.0/stm32cubeide/plugins/com.st.stm32cube.ide.mcu.externaltools.gnu-tools-for-stm32.7-2018-q2-update.win32_1.5.0.202011040924/tools/bin/../lib/gcc/arm-none-eabi/7.3.1/../../../../arm-none-eabi/lib/thumb/v6-m\libc_nano.a(lib_a-sbrkr.o)
                0x000000000800c53c                _sbrk_r
 .text.__sread  0x000000000800c560       0x28 c:/st/stm32cubeide_1.3.0/stm32cubeide/plugins/com.st.stm32cube.ide.mcu.externaltools.gnu-tools-for-stm32.7-2018-q2-update.win32_1.5.0.202011040924/tools/bin/../lib/gcc/arm-none-eabi/7.3.1/../../../../arm-none-eabi/lib/thumb/v6-m\libc_nano.a(lib_a-stdio.o)
                0x000000000800c560                __sread
 .text.__swrite
                0x000000000800c588       0x38 c:/st/stm32cubeide_1.3.0/stm32cubeide/plugins/com.st.stm32cube.ide.mcu.externaltools.gnu-tools-for-stm32.7-2018-q2-update.win32_1.5.0.202011040924/tools/bin/../lib/gcc/arm-none-eabi/7.3.1/../../../../arm-none-eabi/lib/thumb/v6-m\libc_nano.a(lib_a-stdio.o)
                0x000000000800c588                __swrite
 .text.__sseek  0x000000000800c5c0       0x2c c:/st/stm32cubeide_1.3.0/stm32cubeide/plugins/com.st.stm32cube.ide.mcu.externaltools.gnu-tools-for-stm32.7-2018-q2-update.win32_1.5.0.202011040924/tools/bin/../lib/gcc/arm-none-eabi/7.3.1/../../../../arm-none-eabi/lib/thumb/v6-m\libc_nano.a(lib_a-stdio.o)
                0x000000000800c5c0                __sseek
 .text.__sclose
                0x000000000800c5ec        0xc c:/st/stm32cubeide_1.3.0/stm32cubeide/plugins/com.st.stm32cube.ide.mcu.externaltools.gnu-tools-for-stm32.7-2018-q2-update.win32_1.5.0.202011040924/tools/bin/../lib/gcc/arm-none-eabi/7.3.1/../../../../arm-none-eabi/lib/thumb/v6-m\libc_nano.a(lib_a-stdio.o)
                0x000000000800c5ec                __sclose
 .text._write_r
                0x000000000800c5f8       0x28 c:/st/stm32cubeide_1.3.0/stm32cubeide/plugins/com.st.stm32cube.ide.mcu.externaltools.gnu-tools-for-stm32.7-2018-q2-update.win32_1.5.0.202011040924/tools/bin/../lib/gcc/arm-none-eabi/7.3.1/../../../../arm-none-eabi/lib/thumb/v6-m\libc_nano.a(lib_a-writer.o)
                0x000000000800c5f8                _write_r
 .text._close_r
                0x000000000800c620       0x24 c:/st/stm32cubeide_1.3.0/stm32cubeide/plugins/com.st.stm32cube.ide.mcu.externaltools.gnu-tools-for-stm32.7-2018-q2-update.win32_1.5.0.202011040924/tools/bin/../lib/gcc/arm-none-eabi/7.3.1/../../../../arm-none-eabi/lib/thumb/v6-m\libc_nano.a(lib_a-closer.o)
                0x000000000800c620                _close_r
 .text._fstat_r
                0x000000000800c644       0x24 c:/st/stm32cubeide_1.3.0/stm32cubeide/plugins/com.st.stm32cube.ide.mcu.externaltools.gnu-tools-for-stm32.7-2018-q2-update.win32_1.5.0.202011040924/tools/bin/../lib/gcc/arm-none-eabi/7.3.1/../../../../arm-none-eabi/lib/thumb/v6-m\libc_nano.a(lib_a-fstatr.o)
                0x000000000800c644                _fstat_r
 .text._isatty_r
                0x000000000800c668       0x24 c:/st/stm32cubeide_1.3.0/stm32cubeide/plugins/com.st.stm32cube.ide.mcu.externaltools.gnu-tools-for-stm32.7-2018-q2-update.win32_1.5.0.202011040924/tools/bin/../lib/gcc/arm-none-eabi/7.3.1/../../../../arm-none-eabi/lib/thumb/v6-m\libc_nano.a(lib_a-isattyr.o)
                0x000000000800c668                _isatty_r
 .text._lseek_r
                0x000000000800c68c       0x28 c:/st/stm32cubeide_1.3.0/stm32cubeide/plugins/com.st.stm32cube.ide.mcu.externaltools.gnu-tools-for-stm32.7-2018-q2-update.win32_1.5.0.202011040924/tools/bin/../lib/gcc/arm-none-eabi/7.3.1/../../../../arm-none-eabi/lib/thumb/v6-m\libc_nano.a(lib_a-lseekr.o)
                0x000000000800c68c                _lseek_r
 .text.memchr   0x000000000800c6b4       0x16 c:/st/stm32cubeide_1.3.0/stm32cubeide/plugins/com.st.stm32cube.ide.mcu.externaltools.gnu-tools-for-stm32.7-2018-q2-update.win32_1.5.0.202011040924/tools/bin/../lib/gcc/arm-none-eabi/7.3.1/../../../../arm-none-eabi/lib/thumb/v6-m\libc_nano.a(lib_a-memchr-stub.o)
                0x000000000800c6b4                memchr
 .text.memmove  0x000000000800c6ca       0x26 c:/st/stm32cubeide_1.3.0/stm32cubeide/plugins/com.st.stm32cube.ide.mcu.externaltools.gnu-tools-for-stm32.7-2018-q2-update.win32_1.5.0.202011040924/tools/bin/../lib/gcc/arm-none-eabi/7.3.1/../../../../arm-none-eabi/lib/thumb/v6-m\libc_nano.a(lib_a-memmove.o)
                0x000000000800c6ca                memmove
 .text.__malloc_lock
                0x000000000800c6f0        0x2 c:/st/stm32cubeide_1.3.0/stm32cubeide/plugins/com.st.stm32cube.ide.mcu.externaltools.gnu-tools-for-stm32.7-2018-q2-update.win32_1.5.0.202011040924/tools/bin/../lib/gcc/arm-none-eabi/7.3.1/../../../../arm-none-eabi/lib/thumb/v6-m\libc_nano.a(lib_a-mlock.o)
                0x000000000800c6f0                __malloc_lock
 .text.__malloc_unlock
                0x000000000800c6f2        0x2 c:/st/stm32cubeide_1.3.0/stm32cubeide/plugins/com.st.stm32cube.ide.mcu.externaltools.gnu-tools-for-stm32.7-2018-q2-update.win32_1.5.0.202011040924/tools/bin/../lib/gcc/arm-none-eabi/7.3.1/../../../../arm-none-eabi/lib/thumb/v6-m\libc_nano.a(lib_a-mlock.o)
                0x000000000800c6f2                __malloc_unlock
 .text._realloc_r
                0x000000000800c6f4       0x4c c:/st/stm32cubeide_1.3.0/stm32cubeide/plugins/com.st.stm32cube.ide.mcu.externaltools.gnu-tools-for-stm32.7-2018-q2-update.win32_1.5.0.202011040924/tools/bin/../lib/gcc/arm-none-eabi/7.3.1/../../../../arm-none-eabi/lib/thumb/v6-m\libc_nano.a(lib_a-nano-reallocr.o)
                0x000000000800c6f4                _realloc_r
 .text._read_r  0x000000000800c740       0x28 c:/st/stm32cubeide_1.3.0/stm32cubeide/plugins/com.st.stm32cube.ide.mcu.externaltools.gnu-tools-for-stm32.7-2018-q2-update.win32_1.5.0.202011040924/tools/bin/../lib/gcc/arm-none-eabi/7.3.1/../../../../arm-none-eabi/lib/thumb/v6-m\libc_nano.a(lib_a-readr.o)
                0x000000000800c740                _read_r
 .text._malloc_usable_size_r
                0x000000000800c768       0x10 c:/st/stm32cubeide_1.3.0/stm32cubeide/plugins/com.st.stm32cube.ide.mcu.externaltools.gnu-tools-for-stm32.7-2018-q2-update.win32_1.5.0.202011040924/tools/bin/../lib/gcc/arm-none-eabi/7.3.1/../../../../arm-none-eabi/lib/thumb/v6-m\libc_nano.a(lib_a-nano-msizer.o)
                0x000000000800c768                _malloc_usable_size_r
 *(.glue_7)
 .glue_7        0x000000000800c778        0x0 linker stubs
 *(.glue_7t)
 .glue_7t       0x000000000800c778        0x0 linker stubs
 *(.eh_frame)
 .eh_frame      0x000000000800c778        0x0 c:/st/stm32cubeide_1.3.0/stm32cubeide/plugins/com.st.stm32cube.ide.mcu.externaltools.gnu-tools-for-stm32.7-2018-q2-update.win32_1.5.0.202011040924/tools/bin/../lib/gcc/arm-none-eabi/7.3.1/thumb/v6-m/crtbegin.o
 *(.init)
 .init          0x000000000800c778        0x4 c:/st/stm32cubeide_1.3.0/stm32cubeide/plugins/com.st.stm32cube.ide.mcu.externaltools.gnu-tools-for-stm32.7-2018-q2-update.win32_1.5.0.202011040924/tools/bin/../lib/gcc/arm-none-eabi/7.3.1/thumb/v6-m/crti.o
                0x000000000800c778                _init
 .init          0x000000000800c77c        0x8 c:/st/stm32cubeide_1.3.0/stm32cubeide/plugins/com.st.stm32cube.ide.mcu.externaltools.gnu-tools-for-stm32.7-2018-q2-update.win32_1.5.0.202011040924/tools/bin/../lib/gcc/arm-none-eabi/7.3.1/thumb/v6-m/crtn.o
 *(.fini)
 .fini          0x000000000800c784        0x4 c:/st/stm32cubeide_1.3.0/stm32cubeide/plugins/com.st.stm32cube.ide.mcu.externaltools.gnu-tools-for-stm32.7-2018-q2-update.win32_1.5.0.202011040924/tools/bin/../lib/gcc/arm-none-eabi/7.3.1/thumb/v6-m/crti.o
                0x000000000800c784                _fini
 .fini          0x000000000800c788        0x8 c:/st/stm32cubeide_1.3.0/stm32cubeide/plugins/com.st.stm32cube.ide.mcu.externaltools.gnu-tools-for-stm32.7-2018-q2-update.win32_1.5.0.202011040924/tools/bin/../lib/gcc/arm-none-eabi/7.3.1/thumb/v6-m/crtn.o
                0x000000000800c790                . = ALIGN (0x4)
                0x000000000800c790                _etext = .

.vfp11_veneer   0x000000000800c790        0x0
 .vfp11_veneer  0x000000000800c790        0x0 linker stubs

.v4_bx          0x000000000800c790        0x0
 .v4_bx         0x000000000800c790        0x0 linker stubs

.iplt           0x000000000800c790        0x0
 .iplt          0x000000000800c790        0x0 c:/st/stm32cubeide_1.3.0/stm32cubeide/plugins/com.st.stm32cube.ide.mcu.externaltools.gnu-tools-for-stm32.7-2018-q2-update.win32_1.5.0.202011040924/tools/bin/../lib/gcc/arm-none-eabi/7.3.1/thumb/v6-m/crtbegin.o

.rodata         0x000000000800c790      0x658
                0x000000000800c790                . = ALIGN (0x4)
 *(.rodata)
 .rodata        0x000000000800c790       0x80 c:/st/stm32cubeide_1.3.0/stm32cubeide/plugins/com.st.stm32cube.ide.mcu.externaltools.gnu-tools-for-stm32.7-2018-q2-update.win32_1.5.0.202011040924/tools/bin/../lib/gcc/arm-none-eabi/7.3.1/thumb/v6-m\libgcc.a(divsf3.o)
 .rodata        0x000000000800c810       0x40 c:/st/stm32cubeide_1.3.0/stm32cubeide/plugins/com.st.stm32cube.ide.mcu.externaltools.gnu-tools-for-stm32.7-2018-q2-update.win32_1.5.0.202011040924/tools/bin/../lib/gcc/arm-none-eabi/7.3.1/thumb/v6-m\libgcc.a(mulsf3.o)
 .rodata        0x000000000800c850       0x40 c:/st/stm32cubeide_1.3.0/stm32cubeide/plugins/com.st.stm32cube.ide.mcu.externaltools.gnu-tools-for-stm32.7-2018-q2-update.win32_1.5.0.202011040924/tools/bin/../lib/gcc/arm-none-eabi/7.3.1/thumb/v6-m\libgcc.a(muldf3.o)
 *(.rodata*)
 .rodata.max31856_nonmuxed_sample.str1.1
                0x000000000800c890       0x13 Core/Src/MAX31856.o
 .rodata.tc_init.str1.1
                0x000000000800c8a3       0x91 Core/Src/MAX31856.o
 .rodata.bus_cmd_pa_conf_write_handler.str1.1
                0x000000000800c934       0x3d Core/Src/bus_comm.o
 .rodata.bus_cmd_read_info_handler.str1.1
                0x000000000800c971       0x1b Core/Src/bus_comm.o
 .rodata.bus_process.str1.1
                0x000000000800c98c       0x31 Core/Src/bus_comm.o
 *fill*         0x000000000800c9bd        0x3 
 .rodata.commands
                0x000000000800c9c0       0x78 Core/Src/bus_comm.o
                0x000000000800c9c0                commands
 .rodata.crc_ccitt_table
                0x000000000800ca38      0x200 Core/Src/bus_comm.o
                0x000000000800ca38                crc_ccitt_table
 .rodata.conf_checkandload.str1.1
                0x000000000800cc38       0x24 Core/Src/conf.o
 .rodata.conf_writeconf.str1.1
                0x000000000800cc5c       0x24 Core/Src/conf.o
 .rodata.DefaultConfig
                0x000000000800cc80       0x34 Core/Src/conf_board.o
                0x000000000800cc80                DefaultConfig
 .rodata.main.str1.1
                0x000000000800ccb4        0xd Core/Src/main.o
 .rodata.str1.1
                0x000000000800ccc1        0x6 Core/Src/main.o
 .rodata.HAL_UART_RxCpltCallback.str1.1
                0x000000000800ccc7        0xf Core/Src/stpm3x.o
 .rodata.stpm_Process.str1.1
                0x000000000800ccd6       0x48 Core/Src/stpm3x.o
 .rodata.AHBPrescTable
                0x000000000800cd1e       0x10 Core/Src/system_stm32l0xx.o
                0x000000000800cd1e                AHBPrescTable
 .rodata.APBPrescTable
                0x000000000800cd2e        0x8 Core/Src/system_stm32l0xx.o
                0x000000000800cd2e                APBPrescTable
 .rodata.PLLMulTable
                0x000000000800cd36        0x9 Core/Src/system_stm32l0xx.o
                0x000000000800cd36                PLLMulTable
 .rodata.CSWTCH.59
                0x000000000800cd3f        0x4 Drivers/STM32L0xx_HAL_Driver/Src/stm32l0xx_hal_uart.o
 .rodata.CSWTCH.60
                0x000000000800cd43        0xd Drivers/STM32L0xx_HAL_Driver/Src/stm32l0xx_hal_uart.o
 .rodata._global_impure_ptr
                0x000000000800cd50        0x4 c:/st/stm32cubeide_1.3.0/stm32cubeide/plugins/com.st.stm32cube.ide.mcu.externaltools.gnu-tools-for-stm32.7-2018-q2-update.win32_1.5.0.202011040924/tools/bin/../lib/gcc/arm-none-eabi/7.3.1/../../../../arm-none-eabi/lib/thumb/v6-m\libc_nano.a(lib_a-impure.o)
                0x000000000800cd50                _global_impure_ptr
 .rodata.__sf_fake_stderr
                0x000000000800cd54       0x20 c:/st/stm32cubeide_1.3.0/stm32cubeide/plugins/com.st.stm32cube.ide.mcu.externaltools.gnu-tools-for-stm32.7-2018-q2-update.win32_1.5.0.202011040924/tools/bin/../lib/gcc/arm-none-eabi/7.3.1/../../../../arm-none-eabi/lib/thumb/v6-m\libc_nano.a(lib_a-findfp.o)
                0x000000000800cd54                __sf_fake_stderr
 .rodata.__sf_fake_stdin
                0x000000000800cd74       0x20 c:/st/stm32cubeide_1.3.0/stm32cubeide/plugins/com.st.stm32cube.ide.mcu.externaltools.gnu-tools-for-stm32.7-2018-q2-update.win32_1.5.0.202011040924/tools/bin/../lib/gcc/arm-none-eabi/7.3.1/../../../../arm-none-eabi/lib/thumb/v6-m\libc_nano.a(lib_a-findfp.o)
                0x000000000800cd74                __sf_fake_stdin
 .rodata.__sf_fake_stdout
                0x000000000800cd94       0x20 c:/st/stm32cubeide_1.3.0/stm32cubeide/plugins/com.st.stm32cube.ide.mcu.externaltools.gnu-tools-for-stm32.7-2018-q2-update.win32_1.5.0.202011040924/tools/bin/../lib/gcc/arm-none-eabi/7.3.1/../../../../arm-none-eabi/lib/thumb/v6-m\libc_nano.a(lib_a-findfp.o)
                0x000000000800cd94                __sf_fake_stdout
 .rodata._svfprintf_r.str1.1
                0x000000000800cdb4       0x11 c:/st/stm32cubeide_1.3.0/stm32cubeide/plugins/com.st.stm32cube.ide.mcu.externaltools.gnu-tools-for-stm32.7-2018-q2-update.win32_1.5.0.202011040924/tools/bin/../lib/gcc/arm-none-eabi/7.3.1/../../../../arm-none-eabi/lib/thumb/v6-m\libc_nano.a(lib_a-nano-svfprintf.o)
 .rodata._vfprintf_r.str1.1
                0x000000000800cdc5       0x11 c:/st/stm32cubeide_1.3.0/stm32cubeide/plugins/com.st.stm32cube.ide.mcu.externaltools.gnu-tools-for-stm32.7-2018-q2-update.win32_1.5.0.202011040924/tools/bin/../lib/gcc/arm-none-eabi/7.3.1/../../../../arm-none-eabi/lib/thumb/v6-m\libc_nano.a(lib_a-nano-vfprintf.o)
 .rodata._printf_i.str1.1
                0x000000000800cdc5       0x22 c:/st/stm32cubeide_1.3.0/stm32cubeide/plugins/com.st.stm32cube.ide.mcu.externaltools.gnu-tools-for-stm32.7-2018-q2-update.win32_1.5.0.202011040924/tools/bin/../lib/gcc/arm-none-eabi/7.3.1/../../../../arm-none-eabi/lib/thumb/v6-m\libc_nano.a(lib_a-nano-vfprintf_i.o)
                0x000000000800cde8                . = ALIGN (0x4)
 *fill*         0x000000000800cde7        0x1 

.ARM.extab      0x000000000800cde8        0x0
                0x000000000800cde8                . = ALIGN (0x4)
 *(.ARM.extab* .gnu.linkonce.armextab.*)
                0x000000000800cde8                . = ALIGN (0x4)

.ARM            0x000000000800cde8        0x8
                0x000000000800cde8                . = ALIGN (0x4)
                0x000000000800cde8                __exidx_start = .
 *(.ARM.exidx*)
 .ARM.exidx     0x000000000800cde8        0x8 c:/st/stm32cubeide_1.3.0/stm32cubeide/plugins/com.st.stm32cube.ide.mcu.externaltools.gnu-tools-for-stm32.7-2018-q2-update.win32_1.5.0.202011040924/tools/bin/../lib/gcc/arm-none-eabi/7.3.1/thumb/v6-m\libgcc.a(_udivmoddi4.o)
                0x000000000800cdf0                __exidx_end = .
                0x000000000800cdf0                . = ALIGN (0x4)

.preinit_array  0x000000000800cdf0        0x0
                0x000000000800cdf0                . = ALIGN (0x4)
                0x000000000800cdf0                PROVIDE (__preinit_array_start = .)
 *(.preinit_array*)
                0x000000000800cdf0                PROVIDE (__preinit_array_end = .)
                0x000000000800cdf0                . = ALIGN (0x4)

.init_array     0x000000000800cdf0        0x4
                0x000000000800cdf0                . = ALIGN (0x4)
                0x000000000800cdf0                PROVIDE (__init_array_start = .)
 *(SORT_BY_NAME(.init_array.*))
 *(.init_array*)
 .init_array    0x000000000800cdf0        0x4 c:/st/stm32cubeide_1.3.0/stm32cubeide/plugins/com.st.stm32cube.ide.mcu.externaltools.gnu-tools-for-stm32.7-2018-q2-update.win32_1.5.0.202011040924/tools/bin/../lib/gcc/arm-none-eabi/7.3.1/thumb/v6-m/crtbegin.o
                0x000000000800cdf4                PROVIDE (__init_array_end = .)
                0x000000000800cdf4                . = ALIGN (0x4)

.fini_array     0x000000000800cdf4        0x4
                0x000000000800cdf4                . = ALIGN (0x4)
                [!provide]                        PROVIDE (__fini_array_start = .)
 *(SORT_BY_NAME(.fini_array.*))
 *(.fini_array*)
 .fini_array    0x000000000800cdf4        0x4 c:/st/stm32cubeide_1.3.0/stm32cubeide/plugins/com.st.stm32cube.ide.mcu.externaltools.gnu-tools-for-stm32.7-2018-q2-update.win32_1.5.0.202011040924/tools/bin/../lib/gcc/arm-none-eabi/7.3.1/thumb/v6-m/crtbegin.o
                [!provide]                        PROVIDE (__fini_array_end = .)
                0x000000000800cdf8                . = ALIGN (0x4)

.RAMVectorTable
                0x0000000020000000      0x100
 *(.RAMVectorTable)
 .RAMVectorTable
                0x0000000020000000      0x100 Core/Src/main.o
                0x0000000020000000                VectorTable

.IAPMailbox     0x0000000020000100        0x8
 *(.IAPMailbox)
 .IAPMailbox    0x0000000020000100        0x8 Core/Src/main.o
                0x0000000020000100                iapMailbox
                0x000000000800cdf8                _sidata = LOADADDR (.data)

.data           0x0000000020000108       0xbc load address 0x000000000800cdf8
                0x0000000020000108                . = ALIGN (0x4)
                0x0000000020000108                _sdata = .
 *(.data)
 *(.data*)
 .data.tc       0x0000000020000108       0x30 Core/Src/MAX31856.o
                0x0000000020000108                tc
 .data.configCR3_2
                0x0000000020000138        0x5 Core/Src/stpm3x.o
                0x0000000020000138                configCR3_2
 .data.configReset
                0x000000002000013d        0x5 Core/Src/stpm3x.o
                0x000000002000013d                configReset
 .data.initCommand
                0x0000000020000142        0x5 Core/Src/stpm3x.o
                0x0000000020000142                initCommand
 .data.readCR3  0x0000000020000147        0x5 Core/Src/stpm3x.o
                0x0000000020000147                readCR3
 .data.sndCommand
                0x000000002000014c        0x5 Core/Src/stpm3x.o
                0x000000002000014c                sndCommand
 *fill*         0x0000000020000151        0x3 
 .data.SystemCoreClock
                0x0000000020000154        0x4 Core/Src/system_stm32l0xx.o
                0x0000000020000154                SystemCoreClock
 .data.uwTickFreq
                0x0000000020000158        0x1 Drivers/STM32L0xx_HAL_Driver/Src/stm32l0xx_hal.o
                0x0000000020000158                uwTickFreq
 *fill*         0x0000000020000159        0x3 
 .data.uwTickPrio
                0x000000002000015c        0x4 Drivers/STM32L0xx_HAL_Driver/Src/stm32l0xx_hal.o
                0x000000002000015c                uwTickPrio
 .data._impure_ptr
                0x0000000020000160        0x4 c:/st/stm32cubeide_1.3.0/stm32cubeide/plugins/com.st.stm32cube.ide.mcu.externaltools.gnu-tools-for-stm32.7-2018-q2-update.win32_1.5.0.202011040924/tools/bin/../lib/gcc/arm-none-eabi/7.3.1/../../../../arm-none-eabi/lib/thumb/v6-m\libc_nano.a(lib_a-impure.o)
                0x0000000020000160                _impure_ptr
 .data.impure_data
                0x0000000020000164       0x60 c:/st/stm32cubeide_1.3.0/stm32cubeide/plugins/com.st.stm32cube.ide.mcu.externaltools.gnu-tools-for-stm32.7-2018-q2-update.win32_1.5.0.202011040924/tools/bin/../lib/gcc/arm-none-eabi/7.3.1/../../../../arm-none-eabi/lib/thumb/v6-m\libc_nano.a(lib_a-impure.o)
 *(.RamFunc)
 *(.RamFunc*)
                0x00000000200001c4                . = ALIGN (0x4)
                0x00000000200001c4                _edata = .

.igot.plt       0x00000000200001c4        0x0 load address 0x000000000800ceb4
 .igot.plt      0x00000000200001c4        0x0 c:/st/stm32cubeide_1.3.0/stm32cubeide/plugins/com.st.stm32cube.ide.mcu.externaltools.gnu-tools-for-stm32.7-2018-q2-update.win32_1.5.0.202011040924/tools/bin/../lib/gcc/arm-none-eabi/7.3.1/thumb/v6-m/crtbegin.o

.app_sha        0x000000000800ceb4       0x14
                0x000000000800ceb4                . = ALIGN (0x4)
 *(.app_sha)
 .app_sha       0x000000000800ceb4       0x14 Core/Src/main.o
                0x000000000800ceb4                appsha
                0x000000000800cec8                . = ALIGN (0x4)

.rel.dyn        0x000000000800cec8        0x0
 .rel.iplt      0x000000000800cec8        0x0 c:/st/stm32cubeide_1.3.0/stm32cubeide/plugins/com.st.stm32cube.ide.mcu.externaltools.gnu-tools-for-stm32.7-2018-q2-update.win32_1.5.0.202011040924/tools/bin/../lib/gcc/arm-none-eabi/7.3.1/thumb/v6-m/crtbegin.o

.conf           0x000000000802f000        0x0
                0x000000000802f000                . = ALIGN (0x4)
                0x000000000802f000                __CONFIG_START = .
 *(.conf)
                0x000000000802f000                __CONFIG_END = .
                0x000000000802f000                . = ALIGN (0x4)
                0x000000000802f000                . = ALIGN (0x4)

.bss            0x00000000200001c8     0x10b0
                0x00000000200001c8                _sbss = .
                0x00000000200001c8                __bss_start__ = _sbss
 *(.bss)
 .bss           0x00000000200001c8       0x1c c:/st/stm32cubeide_1.3.0/stm32cubeide/plugins/com.st.stm32cube.ide.mcu.externaltools.gnu-tools-for-stm32.7-2018-q2-update.win32_1.5.0.202011040924/tools/bin/../lib/gcc/arm-none-eabi/7.3.1/thumb/v6-m/crtbegin.o
 *(.bss*)
 .bss.ch.7887   0x00000000200001e4        0x1 Core/Src/MAX31856.o
 .bss.counter.7888
                0x00000000200001e5        0x1 Core/Src/MAX31856.o
 *fill*         0x00000000200001e6        0x2 
 .bss.extCjErrCount
                0x00000000200001e8        0x4 Core/Src/MAX31856.o
                0x00000000200001e8                extCjErrCount
 .bss.extcjCounter.7880
                0x00000000200001ec        0x4 Core/Src/MAX31856.o
 .bss.gExtCjEnabled
                0x00000000200001f0        0x1 Core/Src/MAX31856.o
                0x00000000200001f0                gExtCjEnabled
 .bss.enterBL   0x00000000200001f1        0x1 Core/Src/bus_comm.o
                0x00000000200001f1                enterBL
 *fill*         0x00000000200001f2        0x2 
 .bss.gFrameCount
                0x00000000200001f4        0x4 Core/Src/bus_comm.o
                0x00000000200001f4                gFrameCount
 .bss.dbg_tx_count
                0x00000000200001f8        0x4 Core/Src/debug.o
                0x00000000200001f8                dbg_tx_count
 .bss.SPI_RxDMABuffer
                0x00000000200001fc      0x200 Core/Src/main.o
                0x00000000200001fc                SPI_RxDMABuffer
 .bss.csTriggered
                0x00000000200003fc        0x1 Core/Src/main.o
                0x00000000200003fc                csTriggered
 .bss.espMsgRcvd
                0x00000000200003fd        0x1 Core/Src/main.o
                0x00000000200003fd                espMsgRcvd
 .bss.spiRxBuffer
                0x00000000200003fe      0x200 Core/Src/main.o
                0x00000000200003fe                spiRxBuffer
 *fill*         0x00000000200005fe        0x2 
 .bss.__sbrk_heap_end
                0x0000000020000600        0x4 Core/Src/sysmem.o
 .bss.__malloc_free_list
                0x0000000020000604        0x4 c:/st/stm32cubeide_1.3.0/stm32cubeide/plugins/com.st.stm32cube.ide.mcu.externaltools.gnu-tools-for-stm32.7-2018-q2-update.win32_1.5.0.202011040924/tools/bin/../lib/gcc/arm-none-eabi/7.3.1/../../../../arm-none-eabi/lib/thumb/v6-m\libc_nano.a(lib_a-nano-mallocr.o)
                0x0000000020000604                __malloc_free_list
 .bss.__malloc_sbrk_start
                0x0000000020000608        0x4 c:/st/stm32cubeide_1.3.0/stm32cubeide/plugins/com.st.stm32cube.ide.mcu.externaltools.gnu-tools-for-stm32.7-2018-q2-update.win32_1.5.0.202011040924/tools/bin/../lib/gcc/arm-none-eabi/7.3.1/../../../../arm-none-eabi/lib/thumb/v6-m\libc_nano.a(lib_a-nano-mallocr.o)
                0x0000000020000608                __malloc_sbrk_start
 *(COMMON)
 *fill*         0x000000002000060c        0x4 
 COMMON         0x0000000020000610       0xe0 Core/Src/MAX31856.o
                0x0000000020000610                gMAX31856_buffer
                0x0000000020000628                extTempf
                0x0000000020000630                extCJTemp
                0x0000000020000634                gBoardConfig
                0x0000000020000668                filterData
                0x0000000020000688                filterCJData
                0x00000000200006a8                tempSkip
                0x00000000200006c8                tempData
                0x00000000200006e0                extColdJOffset
 COMMON         0x00000000200006f0      0x200 Core/Src/bus_comm.o
                0x00000000200006f0                spiTxBuffer
 COMMON         0x00000000200008f0      0x268 Core/Src/debug.o
                0x00000000200008f0                dbg_tx_dma_buffer
                0x00000000200009f0                dbg_tx_buffer
                0x0000000020000af0                __stdout
 COMMON         0x0000000020000b58      0x2d8 Core/Src/main.o
                0x0000000020000b58                hdma_usart2_rx
                0x0000000020000ba0                hspi2
                0x0000000020000bf8                hdma_usart1_tx
                0x0000000020000c40                huart1
                0x0000000020000cc4                hspi1
                0x0000000020000d1c                huart2
                0x0000000020000da0                hdma_spi1_rx
                0x0000000020000de8                hdma_spi1_tx
 COMMON         0x0000000020000e30      0x425 Core/Src/stpm3x.o
                0x0000000020000e30                rxDMABuffer
                0x0000000020000f98                stpm_rxBuffer
                0x00000000200010f6                errorCode
                0x00000000200010f7                stpm_txBuffer
 *fill*         0x0000000020001255        0x3 
 COMMON         0x0000000020001258        0x4 Drivers/STM32L0xx_HAL_Driver/Src/stm32l0xx_hal.o
                0x0000000020001258                uwTick
 COMMON         0x000000002000125c       0x18 Drivers/STM32L0xx_HAL_Driver/Src/stm32l0xx_hal_flash.o
                0x000000002000125c                pFlash
 COMMON         0x0000000020001274        0x4 c:/st/stm32cubeide_1.3.0/stm32cubeide/plugins/com.st.stm32cube.ide.mcu.externaltools.gnu-tools-for-stm32.7-2018-q2-update.win32_1.5.0.202011040924/tools/bin/../lib/gcc/arm-none-eabi/7.3.1/../../../../arm-none-eabi/lib/thumb/v6-m\libc_nano.a(lib_a-reent.o)
                0x0000000020001274                errno
                0x0000000020001278                . = ALIGN (0x4)
                0x0000000020001278                _ebss = .
                0x0000000020001278                __bss_end__ = _ebss

._user_heap_stack
                0x0000000020001278      0x600
                0x0000000020001278                . = ALIGN (0x8)
                [!provide]                        PROVIDE (end = .)
                0x0000000020001278                PROVIDE (_end = .)
                0x0000000020001478                . = (. + _Min_Heap_Size)
 *fill*         0x0000000020001278      0x200 
                0x0000000020001878                . = (. + _Min_Stack_Size)
 *fill*         0x0000000020001478      0x400 
                0x0000000020001878                . = ALIGN (0x8)

/DISCARD/
 libc.a(*)
 libm.a(*)
 libgcc.a(*)

.ARM.attributes
                0x0000000000000000       0x28
 *(.ARM.attributes)
 .ARM.attributes
                0x0000000000000000       0x1e c:/st/stm32cubeide_1.3.0/stm32cubeide/plugins/com.st.stm32cube.ide.mcu.externaltools.gnu-tools-for-stm32.7-2018-q2-update.win32_1.5.0.202011040924/tools/bin/../lib/gcc/arm-none-eabi/7.3.1/thumb/v6-m/crti.o
 .ARM.attributes
                0x000000000000001e       0x2c c:/st/stm32cubeide_1.3.0/stm32cubeide/plugins/com.st.stm32cube.ide.mcu.externaltools.gnu-tools-for-stm32.7-2018-q2-update.win32_1.5.0.202011040924/tools/bin/../lib/gcc/arm-none-eabi/7.3.1/thumb/v6-m/crtbegin.o
 .ARM.attributes
                0x000000000000004a       0x32 Core/Src/MAX31856.o
 .ARM.attributes
                0x000000000000007c       0x32 Core/Src/bl_interface.o
 .ARM.attributes
                0x00000000000000ae       0x32 Core/Src/bus_comm.o
 .ARM.attributes
                0x00000000000000e0       0x32 Core/Src/conf.o
 .ARM.attributes
                0x0000000000000112       0x32 Core/Src/conf_board.o
 .ARM.attributes
                0x0000000000000144       0x32 Core/Src/debug.o
 .ARM.attributes
                0x0000000000000176       0x32 Core/Src/ext_cj.o
 .ARM.attributes
                0x00000000000001a8       0x32 Core/Src/flash_if.o
 .ARM.attributes
                0x00000000000001da       0x32 Core/Src/main.o
 .ARM.attributes
                0x000000000000020c       0x32 Core/Src/stm32l0xx_hal_msp.o
 .ARM.attributes
                0x000000000000023e       0x32 Core/Src/stm32l0xx_it.o
 .ARM.attributes
                0x0000000000000270       0x32 Core/Src/stpm3x.o
 .ARM.attributes
                0x00000000000002a2       0x32 Core/Src/syscalls.o
 .ARM.attributes
                0x00000000000002d4       0x32 Core/Src/sysmem.o
 .ARM.attributes
                0x0000000000000306       0x32 Core/Src/system_stm32l0xx.o
 .ARM.attributes
                0x0000000000000338       0x22 Core/Startup/startup_stm32l073rztx.o
 .ARM.attributes
                0x000000000000035a       0x32 Drivers/STM32L0xx_HAL_Driver/Src/stm32l0xx_hal.o
 .ARM.attributes
                0x000000000000038c       0x32 Drivers/STM32L0xx_HAL_Driver/Src/stm32l0xx_hal_cortex.o
 .ARM.attributes
                0x00000000000003be       0x32 Drivers/STM32L0xx_HAL_Driver/Src/stm32l0xx_hal_dma.o
 .ARM.attributes
                0x00000000000003f0       0x32 Drivers/STM32L0xx_HAL_Driver/Src/stm32l0xx_hal_flash.o
 .ARM.attributes
                0x0000000000000422       0x32 Drivers/STM32L0xx_HAL_Driver/Src/stm32l0xx_hal_flash_ex.o
 .ARM.attributes
                0x0000000000000454       0x32 Drivers/STM32L0xx_HAL_Driver/Src/stm32l0xx_hal_gpio.o
 .ARM.attributes
                0x0000000000000486       0x32 Drivers/STM32L0xx_HAL_Driver/Src/stm32l0xx_hal_rcc.o
 .ARM.attributes
                0x00000000000004b8       0x32 Drivers/STM32L0xx_HAL_Driver/Src/stm32l0xx_hal_rcc_ex.o
 .ARM.attributes
                0x00000000000004ea       0x32 Drivers/STM32L0xx_HAL_Driver/Src/stm32l0xx_hal_spi.o
 .ARM.attributes
                0x000000000000051c       0x32 Drivers/STM32L0xx_HAL_Driver/Src/stm32l0xx_hal_uart.o
 .ARM.attributes
                0x000000000000054e       0x32 Drivers/STM32L0xx_HAL_Driver/Src/stm32l0xx_hal_uart_ex.o
 .ARM.attributes
                0x0000000000000580       0x2c c:/st/stm32cubeide_1.3.0/stm32cubeide/plugins/com.st.stm32cube.ide.mcu.externaltools.gnu-tools-for-stm32.7-2018-q2-update.win32_1.5.0.202011040924/tools/bin/../lib/gcc/arm-none-eabi/7.3.1/../../../../arm-none-eabi/lib/thumb/v6-m\libc_nano.a(lib_a-errno.o)
 .ARM.attributes
                0x00000000000005ac       0x2c c:/st/stm32cubeide_1.3.0/stm32cubeide/plugins/com.st.stm32cube.ide.mcu.externaltools.gnu-tools-for-stm32.7-2018-q2-update.win32_1.5.0.202011040924/tools/bin/../lib/gcc/arm-none-eabi/7.3.1/../../../../arm-none-eabi/lib/thumb/v6-m\libc_nano.a(lib_a-impure.o)
 .ARM.attributes
                0x00000000000005d8       0x2c c:/st/stm32cubeide_1.3.0/stm32cubeide/plugins/com.st.stm32cube.ide.mcu.externaltools.gnu-tools-for-stm32.7-2018-q2-update.win32_1.5.0.202011040924/tools/bin/../lib/gcc/arm-none-eabi/7.3.1/../../../../arm-none-eabi/lib/thumb/v6-m\libc_nano.a(lib_a-init.o)
 .ARM.attributes
                0x0000000000000604       0x2c c:/st/stm32cubeide_1.3.0/stm32cubeide/plugins/com.st.stm32cube.ide.mcu.externaltools.gnu-tools-for-stm32.7-2018-q2-update.win32_1.5.0.202011040924/tools/bin/../lib/gcc/arm-none-eabi/7.3.1/../../../../arm-none-eabi/lib/thumb/v6-m\libc_nano.a(lib_a-memcmp.o)
 .ARM.attributes
                0x0000000000000630       0x2c c:/st/stm32cubeide_1.3.0/stm32cubeide/plugins/com.st.stm32cube.ide.mcu.externaltools.gnu-tools-for-stm32.7-2018-q2-update.win32_1.5.0.202011040924/tools/bin/../lib/gcc/arm-none-eabi/7.3.1/../../../../arm-none-eabi/lib/thumb/v6-m\libc_nano.a(lib_a-memcpy-stub.o)
 .ARM.attributes
                0x000000000000065c       0x2c c:/st/stm32cubeide_1.3.0/stm32cubeide/plugins/com.st.stm32cube.ide.mcu.externaltools.gnu-tools-for-stm32.7-2018-q2-update.win32_1.5.0.202011040924/tools/bin/../lib/gcc/arm-none-eabi/7.3.1/../../../../arm-none-eabi/lib/thumb/v6-m\libc_nano.a(lib_a-memset.o)
 .ARM.attributes
                0x0000000000000688       0x2c c:/st/stm32cubeide_1.3.0/stm32cubeide/plugins/com.st.stm32cube.ide.mcu.externaltools.gnu-tools-for-stm32.7-2018-q2-update.win32_1.5.0.202011040924/tools/bin/../lib/gcc/arm-none-eabi/7.3.1/../../../../arm-none-eabi/lib/thumb/v6-m\libc_nano.a(lib_a-printf.o)
 .ARM.attributes
                0x00000000000006b4       0x2c c:/st/stm32cubeide_1.3.0/stm32cubeide/plugins/com.st.stm32cube.ide.mcu.externaltools.gnu-tools-for-stm32.7-2018-q2-update.win32_1.5.0.202011040924/tools/bin/../lib/gcc/arm-none-eabi/7.3.1/../../../../arm-none-eabi/lib/thumb/v6-m\libc_nano.a(lib_a-puts.o)
 .ARM.attributes
                0x00000000000006e0       0x2c c:/st/stm32cubeide_1.3.0/stm32cubeide/plugins/com.st.stm32cube.ide.mcu.externaltools.gnu-tools-for-stm32.7-2018-q2-update.win32_1.5.0.202011040924/tools/bin/../lib/gcc/arm-none-eabi/7.3.1/../../../../arm-none-eabi/lib/thumb/v6-m\libc_nano.a(lib_a-sprintf.o)
 .ARM.attributes
                0x000000000000070c       0x2c c:/st/stm32cubeide_1.3.0/stm32cubeide/plugins/com.st.stm32cube.ide.mcu.externaltools.gnu-tools-for-stm32.7-2018-q2-update.win32_1.5.0.202011040924/tools/bin/../lib/gcc/arm-none-eabi/7.3.1/../../../../arm-none-eabi/lib/thumb/v6-m\libc_nano.a(lib_a-wbuf.o)
 .ARM.attributes
                0x0000000000000738       0x2c c:/st/stm32cubeide_1.3.0/stm32cubeide/plugins/com.st.stm32cube.ide.mcu.externaltools.gnu-tools-for-stm32.7-2018-q2-update.win32_1.5.0.202011040924/tools/bin/../lib/gcc/arm-none-eabi/7.3.1/../../../../arm-none-eabi/lib/thumb/v6-m\libc_nano.a(lib_a-wsetup.o)
 .ARM.attributes
                0x0000000000000764       0x2c c:/st/stm32cubeide_1.3.0/stm32cubeide/plugins/com.st.stm32cube.ide.mcu.externaltools.gnu-tools-for-stm32.7-2018-q2-update.win32_1.5.0.202011040924/tools/bin/../lib/gcc/arm-none-eabi/7.3.1/../../../../arm-none-eabi/lib/thumb/v6-m\libc_nano.a(lib_a-fflush.o)
 .ARM.attributes
                0x0000000000000790       0x2c c:/st/stm32cubeide_1.3.0/stm32cubeide/plugins/com.st.stm32cube.ide.mcu.externaltools.gnu-tools-for-stm32.7-2018-q2-update.win32_1.5.0.202011040924/tools/bin/../lib/gcc/arm-none-eabi/7.3.1/../../../../arm-none-eabi/lib/thumb/v6-m\libc_nano.a(lib_a-findfp.o)
 .ARM.attributes
                0x00000000000007bc       0x2c c:/st/stm32cubeide_1.3.0/stm32cubeide/plugins/com.st.stm32cube.ide.mcu.externaltools.gnu-tools-for-stm32.7-2018-q2-update.win32_1.5.0.202011040924/tools/bin/../lib/gcc/arm-none-eabi/7.3.1/../../../../arm-none-eabi/lib/thumb/v6-m\libc_nano.a(lib_a-fwalk.o)
 .ARM.attributes
                0x00000000000007e8       0x2c c:/st/stm32cubeide_1.3.0/stm32cubeide/plugins/com.st.stm32cube.ide.mcu.externaltools.gnu-tools-for-stm32.7-2018-q2-update.win32_1.5.0.202011040924/tools/bin/../lib/gcc/arm-none-eabi/7.3.1/../../../../arm-none-eabi/lib/thumb/v6-m\libc_nano.a(lib_a-makebuf.o)
 .ARM.attributes
                0x0000000000000814       0x2c c:/st/stm32cubeide_1.3.0/stm32cubeide/plugins/com.st.stm32cube.ide.mcu.externaltools.gnu-tools-for-stm32.7-2018-q2-update.win32_1.5.0.202011040924/tools/bin/../lib/gcc/arm-none-eabi/7.3.1/../../../../arm-none-eabi/lib/thumb/v6-m\libc_nano.a(lib_a-nano-freer.o)
 .ARM.attributes
                0x0000000000000840       0x2c c:/st/stm32cubeide_1.3.0/stm32cubeide/plugins/com.st.stm32cube.ide.mcu.externaltools.gnu-tools-for-stm32.7-2018-q2-update.win32_1.5.0.202011040924/tools/bin/../lib/gcc/arm-none-eabi/7.3.1/../../../../arm-none-eabi/lib/thumb/v6-m\libc_nano.a(lib_a-nano-mallocr.o)
 .ARM.attributes
                0x000000000000086c       0x2c c:/st/stm32cubeide_1.3.0/stm32cubeide/plugins/com.st.stm32cube.ide.mcu.externaltools.gnu-tools-for-stm32.7-2018-q2-update.win32_1.5.0.202011040924/tools/bin/../lib/gcc/arm-none-eabi/7.3.1/../../../../arm-none-eabi/lib/thumb/v6-m\libc_nano.a(lib_a-nano-svfprintf.o)
 .ARM.attributes
                0x0000000000000898       0x2c c:/st/stm32cubeide_1.3.0/stm32cubeide/plugins/com.st.stm32cube.ide.mcu.externaltools.gnu-tools-for-stm32.7-2018-q2-update.win32_1.5.0.202011040924/tools/bin/../lib/gcc/arm-none-eabi/7.3.1/../../../../arm-none-eabi/lib/thumb/v6-m\libc_nano.a(lib_a-nano-vfprintf.o)
 .ARM.attributes
                0x00000000000008c4       0x2c c:/st/stm32cubeide_1.3.0/stm32cubeide/plugins/com.st.stm32cube.ide.mcu.externaltools.gnu-tools-for-stm32.7-2018-q2-update.win32_1.5.0.202011040924/tools/bin/../lib/gcc/arm-none-eabi/7.3.1/../../../../arm-none-eabi/lib/thumb/v6-m\libc_nano.a(lib_a-nano-vfprintf_i.o)
 .ARM.attributes
                0x00000000000008f0       0x2c c:/st/stm32cubeide_1.3.0/stm32cubeide/plugins/com.st.stm32cube.ide.mcu.externaltools.gnu-tools-for-stm32.7-2018-q2-update.win32_1.5.0.202011040924/tools/bin/../lib/gcc/arm-none-eabi/7.3.1/../../../../arm-none-eabi/lib/thumb/v6-m\libc_nano.a(lib_a-sbrkr.o)
 .ARM.attributes
                0x000000000000091c       0x2c c:/st/stm32cubeide_1.3.0/stm32cubeide/plugins/com.st.stm32cube.ide.mcu.externaltools.gnu-tools-for-stm32.7-2018-q2-update.win32_1.5.0.202011040924/tools/bin/../lib/gcc/arm-none-eabi/7.3.1/../../../../arm-none-eabi/lib/thumb/v6-m\libc_nano.a(lib_a-stdio.o)
 .ARM.attributes